Archive member included to satisfy reference by file (symbol)

app/libapp.a(main.c.obj)      (--whole-archive)
zephyr/libzephyr.a(cbprintf_packaged.c.obj)
                              (--whole-archive)
zephyr/libzephyr.a(dec.c.obj)
                              (--whole-archive)
zephyr/libzephyr.a(fdtable.c.obj)
                              (--whole-archive)
zephyr/libzephyr.a(hex.c.obj)
                              (--whole-archive)
zephyr/libzephyr.a(printk.c.obj)
                              (--whole-archive)
zephyr/libzephyr.a(rb.c.obj)  (--whole-archive)
zephyr/libzephyr.a(sem.c.obj)
                              (--whole-archive)
zephyr/libzephyr.a(thread_entry.c.obj)
                              (--whole-archive)
zephyr/libzephyr.a(timeutil.c.obj)
                              (--whole-archive)
zephyr/libzephyr.a(heap.c.obj)
                              (--whole-archive)
zephyr/libzephyr.a(heap-validate.c.obj)
                              (--whole-archive)
zephyr/libzephyr.a(bitarray.c.obj)
                              (--whole-archive)
zephyr/libzephyr.a(multi_heap.c.obj)
                              (--whole-archive)
zephyr/libzephyr.a(onoff.c.obj)
                              (--whole-archive)
zephyr/libzephyr.a(notify.c.obj)
                              (--whole-archive)
zephyr/libzephyr.a(crc32c_sw.c.obj)
                              (--whole-archive)
zephyr/libzephyr.a(crc32_sw.c.obj)
                              (--whole-archive)
zephyr/libzephyr.a(crc16_sw.c.obj)
                              (--whole-archive)
zephyr/libzephyr.a(crc8_sw.c.obj)
                              (--whole-archive)
zephyr/libzephyr.a(crc7_sw.c.obj)
                              (--whole-archive)
zephyr/libzephyr.a(cbprintf_complete.c.obj)
                              (--whole-archive)
zephyr/libzephyr.a(cbprintf.c.obj)
                              (--whole-archive)
zephyr/libzephyr.a(assert.c.obj)
                              (--whole-archive)
zephyr/libzephyr.a(mpsc_pbuf.c.obj)
                              (--whole-archive)
zephyr/libzephyr.a(reboot.c.obj)
                              (--whole-archive)
zephyr/libzephyr.a(configs.c.obj)
                              (--whole-archive)
zephyr/libzephyr.a(soc_nrf_common.S.obj)
                              (--whole-archive)
zephyr/libzephyr.a(validate_base_addresses.c.obj)
                              (--whole-archive)
zephyr/libzephyr.a(validate_enabled_instances.c.obj)
                              (--whole-archive)
zephyr/libzephyr.a(thread_info.c.obj)
                              (--whole-archive)
zephyr/libzephyr.a(log_core.c.obj)
                              (--whole-archive)
zephyr/libzephyr.a(log_mgmt.c.obj)
                              (--whole-archive)
zephyr/libzephyr.a(log_cache.c.obj)
                              (--whole-archive)
zephyr/libzephyr.a(log_msg.c.obj)
                              (--whole-archive)
zephyr/libzephyr.a(log_output.c.obj)
                              (--whole-archive)
zephyr/libzephyr.a(log_backend_rtt.c.obj)
                              (--whole-archive)
zephyr/libzephyr.a(log_backend_uart.c.obj)
                              (--whole-archive)
zephyr/libzephyr.a(pm.c.obj)  (--whole-archive)
zephyr/libzephyr.a(policy.c.obj)
                              (--whole-archive)
zephyr/libzephyr.a(state.c.obj)
                              (--whole-archive)
zephyr/libzephyr.a(tracing_none.c.obj)
                              (--whole-archive)
zephyr/libzephyr.a(nrf_cc3xx_platform_abort_zephyr.c.obj)
                              (--whole-archive)
zephyr/libzephyr.a(nrf_cc3xx_platform_mutex_zephyr.c.obj)
                              (--whole-archive)
zephyr/arch/common/libarch__common.a(sw_isr_common.c.obj)
                              (--whole-archive)
zephyr/arch/arch/arm/core/aarch32/libarch__arm__core__aarch32.a(cpu_idle.S.obj)
                              (--whole-archive)
zephyr/arch/arch/arm/core/aarch32/libarch__arm__core__aarch32.a(fatal.c.obj)
                              (--whole-archive)
zephyr/arch/arch/arm/core/aarch32/libarch__arm__core__aarch32.a(irq_manage.c.obj)
                              (--whole-archive)
zephyr/arch/arch/arm/core/aarch32/libarch__arm__core__aarch32.a(nmi.c.obj)
                              (--whole-archive)
zephyr/arch/arch/arm/core/aarch32/libarch__arm__core__aarch32.a(nmi_on_reset.S.obj)
                              (--whole-archive)
zephyr/arch/arch/arm/core/aarch32/libarch__arm__core__aarch32.a(prep_c.c.obj)
                              (--whole-archive)
zephyr/arch/arch/arm/core/aarch32/libarch__arm__core__aarch32.a(swap.c.obj)
                              (--whole-archive)
zephyr/arch/arch/arm/core/aarch32/libarch__arm__core__aarch32.a(swap_helper.S.obj)
                              (--whole-archive)
zephyr/arch/arch/arm/core/aarch32/libarch__arm__core__aarch32.a(thread.c.obj)
                              (--whole-archive)
[...]
Memory Configuration

Name             Origin             Length             Attributes
FLASH            0x0000000000000000 0x0000000000100000 xr
RAM              0x0000000020000000 0x0000000000040000 xw
IDT_LIST         0x00000000fffff7ff 0x0000000000000800 xw
*default*        0x0000000000000000 0xffffffffffffffff

Linker script and memory map

LOAD zephyr/CMakeFiles/zephyr_pre0.dir/misc/empty_file.c.obj
                0x0000000000000020                _region_min_align = 0x20

.rel.plt        0x0000000000000000        0x0
 *(SORT_BY_ALIGNMENT(.rel.plt))
                [!provide]                        PROVIDE (__rel_iplt_start = .)
 *(SORT_BY_ALIGNMENT(.rel.iplt))
 .rel.iplt      0x0000000000000000        0x0 app/libapp.a(main.c.obj)
                [!provide]                        PROVIDE (__rel_iplt_end = .)

.rela.plt       0x0000000000000000        0x0
 *(SORT_BY_ALIGNMENT(.rela.plt))
                [!provide]                        PROVIDE (__rela_iplt_start = .)
 *(SORT_BY_ALIGNMENT(.rela.iplt))
                [!provide]                        PROVIDE (__rela_iplt_end = .)

.rel.dyn
 *(SORT_BY_ALIGNMENT(.rel.*))

.rela.dyn
 *(SORT_BY_ALIGNMENT(.rela.*))

/DISCARD/
 *(SORT_BY_ALIGNMENT(.plt))

/DISCARD/
 *(SORT_BY_ALIGNMENT(.iplt))
                0x0000000000000000                __rom_region_start = 0x0

rom_start       0x0000000000000000      0x100
                0x0000000000000000                . = 0x0
                0x0000000000000000                . = ALIGN (0x4)
                0x0000000000000000                . = ALIGN (0x80)
                0x0000000000000000                . = ALIGN (0x100)
                0x0000000000000000                _vector_start = .
 *(SORT_BY_ALIGNMENT(.exc_vector_table))
 *(SORT_BY_ALIGNMENT(.exc_vector_table.*))
 .exc_vector_table._vector_table_section
                0x0000000000000000       0x40 zephyr/arch/arch/arm/core/aarch32/cortex_m/libarch__arm__core__aarch32__cortex_m.a(vector_table.S.obj)
                0x0000000000000000                _vector_table
 *(SORT_BY_ALIGNMENT(.vectors))
                0x0000000000000100                _vector_end = .
                0x0000000000000040                . = ALIGN (0x4)
 *(SORT_BY_ALIGNMENT(.gnu.linkonce.irq_vector_table*))
 .gnu.linkonce.irq_vector_table
                0x0000000000000040       0xc0 zephyr/arch/common/libisr_tables.a(isr_tables.c.obj)
                0x0000000000000040                _irq_vector_table
                0x0000000000000100                _vector_end = .

text            0x0000000000000100     0x9d38
                0x0000000000000100                __text_region_start = .
 *(SORT_BY_ALIGNMENT(.text))
 .text          0x0000000000000100      0x378 /home/edi/ncs/toolchains/1f9b40e71a/opt/zephyr-sdk/arm-zephyr-eabi/bin/../lib/gcc/arm-zephyr-eabi/12.2.0/thumb/v7e-m/nofp/libgcc.a(_arm_addsubdf3.o)
                0x0000000000000100                __aeabi_drsub
                0x0000000000000108                __aeabi_dsub
                0x0000000000000108                __subdf3
                0x000000000000010c                __adddf3
                0x000000000000010c                __aeabi_dadd
                0x0000000000000384                __aeabi_ui2d
                0x0000000000000384                __floatunsidf
                0x00000000000003a4                __floatsidf
                0x00000000000003a4                __aeabi_i2d
                0x00000000000003c8                __extendsfdf2
                0x00000000000003c8                __aeabi_f2d
                0x000000000000040c                __aeabi_ul2d
                0x000000000000040c                __floatundidf
                0x000000000000041c                __floatdidf
                0x000000000000041c                __aeabi_l2d
 .text          0x0000000000000478      0x424 /home/edi/ncs/toolchains/1f9b40e71a/opt/zephyr-sdk/arm-zephyr-eabi/bin/../lib/gcc/arm-zephyr-eabi/12.2.0/thumb/v7e-m/nofp/libgcc.a(_arm_muldivdf3.o)
                0x0000000000000478                __aeabi_dmul
                0x0000000000000478                __muldf3
                0x00000000000006cc                __aeabi_ddiv
                0x00000000000006cc                __divdf3
 .text          0x000000000000089c      0x21c /home/edi/ncs/toolchains/1f9b40e71a/opt/zephyr-sdk/arm-zephyr-eabi/bin/../lib/gcc/arm-zephyr-eabi/12.2.0/thumb/v7e-m/nofp/libgcc.a(_arm_addsubsf3.o)
                0x000000000000089c                __aeabi_frsub
                0x00000000000008a4                __subsf3
                0x00000000000008a4                __aeabi_fsub
                0x00000000000008a8                __aeabi_fadd
                0x00000000000008a8                __addsf3
                0x0000000000000a08                __aeabi_ui2f
                0x0000000000000a08                __floatunsisf
                0x0000000000000a10                __aeabi_i2f
                0x0000000000000a10                __floatsisf
                0x0000000000000a2c                __floatundisf
                0x0000000000000a2c                __aeabi_ul2f
                0x0000000000000a3c                __floatdisf
                0x0000000000000a3c                __aeabi_l2f
 .text          0x0000000000000ab8      0x2a0 /home/edi/ncs/toolchains/1f9b40e71a/opt/zephyr-sdk/arm-zephyr-eabi/bin/../lib/gcc/arm-zephyr-eabi/12.2.0/thumb/v7e-m/nofp/libgcc.a(_arm_muldivsf3.o)
                0x0000000000000ab8                __mulsf3
                0x0000000000000ab8                __aeabi_fmul
                0x0000000000000c20                __divsf3
                0x0000000000000c20                __aeabi_fdiv
 .text          0x0000000000000d58       0x4c /home/edi/ncs/toolchains/1f9b40e71a/opt/zephyr-sdk/arm-zephyr-eabi/bin/../lib/gcc/arm-zephyr-eabi/12.2.0/thumb/v7e-m/nofp/libgcc.a(_arm_fixsfsi.o)
                0x0000000000000d58                __fixsfsi
                0x0000000000000d58                __aeabi_f2iz
 .text          0x0000000000000da4       0x30 /home/edi/ncs/toolchains/1f9b40e71a/opt/zephyr-sdk/arm-zephyr-eabi/bin/../lib/gcc/arm-zephyr-eabi/12.2.0/thumb/v7e-m/nofp/libgcc.a(_aeabi_uldivmod.o)
                0x0000000000000da4                __aeabi_uldivmod
 .text          0x0000000000000dd4        0x4 /home/edi/ncs/toolchains/1f9b40e71a/opt/zephyr-sdk/arm-zephyr-eabi/bin/../lib/gcc/arm-zephyr-eabi/12.2.0/thumb/v7e-m/nofp/libgcc.a(_dvmd_tls.o)
                0x0000000000000dd4                __aeabi_ldiv0
                0x0000000000000dd4                __aeabi_idiv0
 .text          0x0000000000000dd8      0x2a0 /home/edi/ncs/toolchains/1f9b40e71a/opt/zephyr-sdk/arm-zephyr-eabi/bin/../lib/gcc/arm-zephyr-eabi/12.2.0/thumb/v7e-m/nofp/libgcc.a(_udivmoddi4.o)
                0x0000000000000dd8                __udivmoddi4
 *(SORT_BY_ALIGNMENT(.text.*))
 .text.main     0x0000000000001078      0x230 app/libapp.a(main.c.obj)
                0x0000000000001078                main
 .text.cbvprintf_package
                0x00000000000012a8      0x3ac zephyr/libzephyr.a(cbprintf_packaged.c.obj)
                0x00000000000012a8                cbvprintf_package
 .text.cbprintf_package_convert
                0x0000000000001654      0x3bc zephyr/libzephyr.a(cbprintf_packaged.c.obj)
                0x0000000000001654                cbprintf_package_convert
 .text.__printk_hook_install
                0x0000000000001a10        0xc zephyr/libzephyr.a(printk.c.obj)
                0x0000000000001a10                __printk_hook_install
 .text.vsnprintk
                0x0000000000001a1c       0x2c zephyr/libzephyr.a(printk.c.obj)
                0x0000000000001a1c                vsnprintk
 .text.process_event
                0x0000000000001a48      0x21c zephyr/libzephyr.a(onoff.c.obj)
 .text.z_cbvprintf_impl
                0x0000000000001c64      0xcd8 zephyr/libzephyr.a(cbprintf_complete.c.obj)
                0x0000000000001c64                z_cbvprintf_impl
 .text.sys_reboot
                0x000000000000293c       0x30 zephyr/libzephyr.a(reboot.c.obj)
                0x000000000000293c                sys_reboot
 .text.z_arm_platform_init
                0x000000000000296c        0x4 zephyr/libzephyr.a(soc_nrf_common.S.obj)
                0x000000000000296c                z_arm_platform_init
 .text.activate_foreach_backend
                0x0000000000002970       0x64 zephyr/libzephyr.a(log_core.c.obj)
 .text.enable_logger
                0x00000000000029d4       0x5c zephyr/libzephyr.a(log_core.c.obj)
 .text.log_process_thread_timer_expiry_fn
                0x0000000000002a30        0xc zephyr/libzephyr.a(log_core.c.obj)
 .text.z_log_init
                0x0000000000002a3c       0x90 zephyr/libzephyr.a(log_core.c.obj)
 .text.log_format_func_t_get
                0x0000000000002acc        0xc zephyr/libzephyr.a(log_core.c.obj)
                0x0000000000002acc                log_format_func_t_get
 .text.log_set_timestamp_func
                0x0000000000002ad8       0x20 zephyr/libzephyr.a(log_core.c.obj)
                0x0000000000002ad8                log_set_timestamp_func
 .text.z_log_notify_backend_enabled
                0x0000000000002af8       0x1c zephyr/libzephyr.a(log_core.c.obj)
                0x0000000000002af8                z_log_notify_backend_enabled
 .text.z_log_dropped
                0x0000000000002b14       0x30 zephyr/libzephyr.a(log_core.c.obj)
                0x0000000000002b14                z_log_dropped
 .text.z_log_dropped_read_and_clear
                0x0000000000002b44       0x20 zephyr/libzephyr.a(log_core.c.obj)
                0x0000000000002b44                z_log_dropped_read_and_clear
 .text.dropped_notify
                0x0000000000002b64       0x30 zephyr/libzephyr.a(log_core.c.obj)
                0x0000000000002b64                dropped_notify
 .text.z_log_msg_init
                0x0000000000002b94       0x20 zephyr/libzephyr.a(log_core.c.obj)
                0x0000000000002b94                z_log_msg_init
 .text.log_core_init
                0x0000000000002bb4       0x34 zephyr/libzephyr.a(log_core.c.obj)
                0x0000000000002bb4                log_core_init
 .text.z_log_msg_alloc
                0x0000000000002be8       0x10 zephyr/libzephyr.a(log_core.c.obj)
                0x0000000000002be8                z_log_msg_alloc
 .text.z_log_msg_local_claim
                0x0000000000002bf8        0xc zephyr/libzephyr.a(log_core.c.obj)
                0x0000000000002bf8                z_log_msg_local_claim
 .text.z_log_msg_free
                0x0000000000002c04       0x10 zephyr/libzephyr.a(log_core.c.obj)
                0x0000000000002c04                z_log_msg_free
 .text.z_log_msg_pending
                0x0000000000002c14        0xc zephyr/libzephyr.a(log_core.c.obj)
                0x0000000000002c14                z_log_msg_pending
 .text.z_impl_log_process
                0x0000000000002c20       0xbc zephyr/libzephyr.a(log_core.c.obj)
                0x0000000000002c20                z_impl_log_process
 .text.z_impl_log_panic
                0x0000000000002cdc       0x44 zephyr/libzephyr.a(log_core.c.obj)
                0x0000000000002cdc                z_impl_log_panic
 .text.log_process_thread_func
                0x0000000000002d20       0x9c zephyr/libzephyr.a(log_core.c.obj)
 .text.z_log_msg_post_finalize
                0x0000000000002dbc       0x78 zephyr/libzephyr.a(log_core.c.obj)
 .text.z_log_msg_commit
                0x0000000000002e34       0x24 zephyr/libzephyr.a(log_core.c.obj)
                0x0000000000002e34                z_log_msg_commit
 .text.log_source_name_get
                0x0000000000002e58       0x1c zephyr/libzephyr.a(log_mgmt.c.obj)
                0x0000000000002e58                log_source_name_get
 .text.log_backend_enable
                0x0000000000002e74       0x28 zephyr/libzephyr.a(log_mgmt.c.obj)
                0x0000000000002e74                log_backend_enable
 .text.z_impl_z_log_msg_static_create
                0x0000000000002e9c      0x108 zephyr/libzephyr.a(log_msg.c.obj)
                0x0000000000002e9c                z_impl_z_log_msg_static_create
 .text.z_impl_z_log_msg_runtime_vcreate
                0x0000000000002fa4       0x8c zephyr/libzephyr.a(log_msg.c.obj)
                0x0000000000002fa4                z_impl_z_log_msg_runtime_vcreate
 .text.print_formatted
                0x0000000000003030       0x24 zephyr/libzephyr.a(log_output.c.obj)
 .text.newline_print
                0x0000000000003054       0x1c zephyr/libzephyr.a(log_output.c.obj)
 .text.log_output_process
                0x0000000000003070      0x2a4 zephyr/libzephyr.a(log_output.c.obj)
                0x0000000000003070                log_output_process
 .text.log_output_msg_process
                0x0000000000003314       0x6c zephyr/libzephyr.a(log_output.c.obj)
                0x0000000000003314                log_output_msg_process
 .text.log_output_dropped_process
                0x0000000000003380       0x58 zephyr/libzephyr.a(log_output.c.obj)
                0x0000000000003380                log_output_dropped_process
 .text.log_output_timestamp_freq_set
                0x00000000000033d8       0x2c zephyr/libzephyr.a(log_output.c.obj)
                0x00000000000033d8                log_output_timestamp_freq_set
 .text.log_backend_rtt_init
                0x0000000000003404        0xc zephyr/libzephyr.a(log_backend_rtt.c.obj)
 .text.format_set
                0x0000000000003410        0xc zephyr/libzephyr.a(log_backend_rtt.c.obj)
 .text.panic    0x000000000000341c       0x14 zephyr/libzephyr.a(log_backend_rtt.c.obj)
 .text.dropped  0x0000000000003430        0xc zephyr/libzephyr.a(log_backend_rtt.c.obj)
 .text.process  0x000000000000343c       0x24 zephyr/libzephyr.a(log_backend_rtt.c.obj)
 .text.on_failed_write
                0x0000000000003460       0x28 zephyr/libzephyr.a(log_backend_rtt.c.obj)
 .text.data_out_block_mode
                0x0000000000003488       0x84 zephyr/libzephyr.a(log_backend_rtt.c.obj)
 .text.format_set
                0x000000000000350c        0xc zephyr/libzephyr.a(log_backend_uart.c.obj)
 .text.panic    0x0000000000003518       0x14 zephyr/libzephyr.a(log_backend_uart.c.obj)
 .text.dropped  0x000000000000352c        0xc zephyr/libzephyr.a(log_backend_uart.c.obj)
 .text.process  0x0000000000003538       0x24 zephyr/libzephyr.a(log_backend_uart.c.obj)
 .text.char_out
                0x000000000000355c       0x24 zephyr/libzephyr.a(log_backend_uart.c.obj)
 .text.pm_state_notify
                0x0000000000003580       0x5c zephyr/libzephyr.a(pm.c.obj)
 .text.pm_system_resume
                0x00000000000035dc       0x78 zephyr/libzephyr.a(pm.c.obj)
                0x00000000000035dc                pm_system_resume
 .text.pm_system_suspend
                0x0000000000003654       0xf8 zephyr/libzephyr.a(pm.c.obj)
                0x0000000000003654                pm_system_suspend
 .text.pm_policy_next_state
                0x000000000000374c       0x94 zephyr/libzephyr.a(policy.c.obj)
                0x000000000000374c                pm_policy_next_state
 .text.pm_state_cpu_get_all
                0x00000000000037e0       0x10 zephyr/libzephyr.a(state.c.obj)
                0x00000000000037e0                pm_state_cpu_get_all
 .text.nrf_cc3xx_platform_abort_init
                0x00000000000037f0        0xc zephyr/libzephyr.a(nrf_cc3xx_platform_abort_zephyr.c.obj)
                0x00000000000037f0                nrf_cc3xx_platform_abort_init
 .text.mutex_free_platform
                0x00000000000037fc       0x54 zephyr/libzephyr.a(nrf_cc3xx_platform_mutex_zephyr.c.obj)
 .text.mutex_lock_platform
                0x0000000000003850       0x60 zephyr/libzephyr.a(nrf_cc3xx_platform_mutex_zephyr.c.obj)
 .text.mutex_unlock_platform
                0x00000000000038b0       0x58 zephyr/libzephyr.a(nrf_cc3xx_platform_mutex_zephyr.c.obj)
 .text.mutex_init_platform
                0x0000000000003908       0x94 zephyr/libzephyr.a(nrf_cc3xx_platform_mutex_zephyr.c.obj)
 .text.nrf_cc3xx_platform_mutex_init
                0x000000000000399c       0x2c zephyr/libzephyr.a(nrf_cc3xx_platform_mutex_zephyr.c.obj)
                0x000000000000399c                nrf_cc3xx_platform_mutex_init
 .text.z_arm_cpu_idle_init
                0x00000000000039c8        0xc zephyr/arch/arch/arm/core/aarch32/libarch__arm__core__aarch32.a(cpu_idle.S.obj)
                0x00000000000039c8                z_arm_cpu_idle_init
 .text.arch_cpu_idle
                0x00000000000039d4       0x1c zephyr/arch/arch/arm/core/aarch32/libarch__arm__core__aarch32.a(cpu_idle.S.obj)
                0x00000000000039d4                arch_cpu_idle
 .text.arch_cpu_atomic_idle
                0x00000000000039f0       0x18 zephyr/arch/arch/arm/core/aarch32/libarch__arm__core__aarch32.a(cpu_idle.S.obj)
                0x00000000000039f0                arch_cpu_atomic_idle
 .text.z_arm_fatal_error
                0x0000000000003a08       0xcc zephyr/arch/arch/arm/core/aarch32/libarch__arm__core__aarch32.a(fatal.c.obj)
                0x0000000000003a08                z_arm_fatal_error
 .text.arch_irq_enable
                0x0000000000003ad4       0x1c zephyr/arch/arch/arm/core/aarch32/libarch__arm__core__aarch32.a(irq_manage.c.obj)
                0x0000000000003ad4                arch_irq_enable
 .text.arch_irq_disable
                0x0000000000003af0       0x28 zephyr/arch/arch/arm/core/aarch32/libarch__arm__core__aarch32.a(irq_manage.c.obj)
                0x0000000000003af0                arch_irq_disable
 .text.arch_irq_is_enabled
                0x0000000000003b18       0x1c zephyr/arch/arch/arm/core/aarch32/libarch__arm__core__aarch32.a(irq_manage.c.obj)
                0x0000000000003b18                arch_irq_is_enabled
 .text.z_arm_irq_priority_set
                0x0000000000003b34       0x30 zephyr/arch/arch/arm/core/aarch32/libarch__arm__core__aarch32.a(irq_manage.c.obj)
                0x0000000000003b34                z_arm_irq_priority_set
 .text.z_SysNmiOnReset
                0x0000000000003b64        0x8 zephyr/arch/arch/arm/core/aarch32/libarch__arm__core__aarch32.a(nmi_on_reset.S.obj)
                0x0000000000003b64                z_SysNmiOnReset
 .text.z_arm_prep_c
                0x0000000000003b6c       0x38 zephyr/arch/arch/arm/core/aarch32/libarch__arm__core__aarch32.a(prep_c.c.obj)
                0x0000000000003b6c                z_arm_prep_c
 .text.arch_swap
                0x0000000000003ba4       0x38 zephyr/arch/arch/arm/core/aarch32/libarch__arm__core__aarch32.a(swap.c.obj)
                0x0000000000003ba4                arch_swap
 .text.z_arm_pendsv
                0x0000000000003bdc       0x58 zephyr/arch/arch/arm/core/aarch32/libarch__arm__core__aarch32.a(swap_helper.S.obj)
                0x0000000000003bdc                z_arm_pendsv
 .text.z_arm_svc
                0x0000000000003c34       0x20 zephyr/arch/arch/arm/core/aarch32/libarch__arm__core__aarch32.a(swap_helper.S.obj)
                0x0000000000003c34                z_arm_svc
 .text.arch_new_thread
                0x0000000000003c54       0x38 zephyr/arch/arch/arm/core/aarch32/libarch__arm__core__aarch32.a(thread.c.obj)
                0x0000000000003c54                arch_new_thread
 .text.z_check_thread_stack_fail
                0x0000000000003c8c       0x30 zephyr/arch/arch/arm/core/aarch32/libarch__arm__core__aarch32.a(thread.c.obj)
                0x0000000000003c8c                z_check_thread_stack_fail
 .text.arch_switch_to_main_thread
                0x0000000000003cbc       0x2c zephyr/arch/arch/arm/core/aarch32/libarch__arm__core__aarch32.a(thread.c.obj)
                0x0000000000003cbc                arch_switch_to_main_thread
 .text._isr_wrapper
                0x0000000000003ce8       0x40 zephyr/arch/arch/arm/core/aarch32/libarch__arm__core__aarch32.a(isr_wrapper.S.obj)
                0x0000000000003ce8                _isr_wrapper
 .text._HandlerModeExit
                0x0000000000003d28       0x1c zephyr/arch/arch/arm/core/aarch32/cortex_m/libarch__arm__core__aarch32__cortex_m.a(exc_exit.S.obj)
                0x0000000000003d28                z_arm_exc_exit
                0x0000000000003d28                z_arm_int_exit
 .text.bus_fault.constprop.0
                0x0000000000003d44      0x154 zephyr/arch/arch/arm/core/aarch32/cortex_m/libarch__arm__core__aarch32__cortex_m.a(fault.c.obj)
 .text.usage_fault.constprop.0
                0x0000000000003e98      0x104 zephyr/arch/arch/arm/core/aarch32/cortex_m/libarch__arm__core__aarch32__cortex_m.a(fault.c.obj)
 .text.mem_manage_fault
                0x0000000000003f9c      0x178 zephyr/arch/arch/arm/core/aarch32/cortex_m/libarch__arm__core__aarch32__cortex_m.a(fault.c.obj)
 .text.z_arm_fault
                0x0000000000004114      0x218 zephyr/arch/arch/arm/core/aarch32/cortex_m/libarch__arm__core__aarch32__cortex_m.a(fault.c.obj)
                0x0000000000004114                z_arm_fault
 .text.z_arm_fault_init
                0x000000000000432c       0x10 zephyr/arch/arch/arm/core/aarch32/cortex_m/libarch__arm__core__aarch32__cortex_m.a(fault.c.obj)
                0x000000000000432c                z_arm_fault_init
 .text.__fault  0x000000000000433c       0x14 zephyr/arch/arch/arm/core/aarch32/cortex_m/libarch__arm__core__aarch32__cortex_m.a(fault_s.S.obj)
                0x000000000000433c                z_arm_bus_fault
                0x000000000000433c                z_arm_usage_fault
                0x000000000000433c                z_arm_mpu_fault
                0x000000000000433c                z_arm_exc_spurious
                0x000000000000433c                z_arm_debug_monitor
                0x000000000000433c                z_arm_hard_fault
 .text.z_arm_interrupt_init
                0x0000000000004350       0x18 zephyr/arch/arch/arm/core/aarch32/cortex_m/libarch__arm__core__aarch32__cortex_m.a(irq_init.c.obj)
                0x0000000000004350                z_arm_interrupt_init
 .text._reset_section
                0x0000000000004368       0x60 zephyr/arch/arch/arm/core/aarch32/cortex_m/libarch__arm__core__aarch32__cortex_m.a(reset.S.obj)
                0x0000000000004368                z_arm_reset
                0x0000000000004368                __start
 .text.z_arm_clear_arm_mpu_config
                0x00000000000043c8       0x24 zephyr/arch/arch/arm/core/aarch32/cortex_m/libarch__arm__core__aarch32__cortex_m.a(scb.c.obj)
                0x00000000000043c8                z_arm_clear_arm_mpu_config
 .text.z_arm_init_arch_hw_at_boot
                0x00000000000043ec       0x64 zephyr/arch/arch/arm/core/aarch32/cortex_m/libarch__arm__core__aarch32__cortex_m.a(scb.c.obj)
                0x00000000000043ec                z_arm_init_arch_hw_at_boot
 .text.z_impl_k_thread_abort
                0x0000000000004450       0x2c zephyr/arch/arch/arm/core/aarch32/cortex_m/libarch__arm__core__aarch32__cortex_m.a(thread_abort.c.obj)
                0x0000000000004450                z_impl_k_thread_abort
 .text.z_arm_configure_static_mpu_regions
                0x000000000000447c       0x18 zephyr/arch/arch/arm/core/aarch32/mpu/libarch__arm__core__aarch32__mpu.a(arm_core_mpu.c.obj)
                0x000000000000447c                z_arm_configure_static_mpu_regions
 .text.z_arm_configure_dynamic_mpu_regions
                0x0000000000004494       0x24 zephyr/arch/arch/arm/core/aarch32/mpu/libarch__arm__core__aarch32__mpu.a(arm_core_mpu.c.obj)
                0x0000000000004494                z_arm_configure_dynamic_mpu_regions
 .text.mpu_configure_regions
                0x00000000000044b8       0xcc zephyr/arch/arch/arm/core/aarch32/mpu/libarch__arm__core__aarch32__mpu.a(arm_mpu.c.obj)
 .text.arm_core_mpu_enable
                0x0000000000004584       0x18 zephyr/arch/arch/arm/core/aarch32/mpu/libarch__arm__core__aarch32__mpu.a(arm_mpu.c.obj)
                0x0000000000004584                arm_core_mpu_enable
 .text.arm_core_mpu_disable
                0x000000000000459c       0x14 zephyr/arch/arch/arm/core/aarch32/mpu/libarch__arm__core__aarch32__mpu.a(arm_mpu.c.obj)
                0x000000000000459c                arm_core_mpu_disable
 .text.arm_core_mpu_configure_static_mpu_regions
                0x00000000000045b0       0x14 zephyr/arch/arch/arm/core/aarch32/mpu/libarch__arm__core__aarch32__mpu.a(arm_mpu.c.obj)
                0x00000000000045b0                arm_core_mpu_configure_static_mpu_regions
 .text.arm_core_mpu_configure_dynamic_mpu_regions
                0x00000000000045c4       0x30 zephyr/arch/arch/arm/core/aarch32/mpu/libarch__arm__core__aarch32__mpu.a(arm_mpu.c.obj)
                0x00000000000045c4                arm_core_mpu_configure_dynamic_mpu_regions
 .text.z_arm_mpu_init
                0x00000000000045f4       0x60 zephyr/arch/arch/arm/core/aarch32/mpu/libarch__arm__core__aarch32__mpu.a(arm_mpu.c.obj)
                0x00000000000045f4                z_arm_mpu_init
 .text.__stdout_hook_install
                0x0000000000004654        0xc zephyr/lib/libc/minimal/liblib__libc__minimal.a(stdout_console.c.obj)
                0x0000000000004654                __stdout_hook_install
 .text.z_impl_zephyr_fputc
                0x0000000000004660       0x18 zephyr/lib/libc/minimal/liblib__libc__minimal.a(stdout_console.c.obj)
                0x0000000000004660                z_impl_zephyr_fputc
 .text.printf   0x0000000000004678       0x28 zephyr/lib/libc/minimal/liblib__libc__minimal.a(fprintf.c.obj)
                0x0000000000004678                printf
 .text.nordicsemi_nrf52_init
                0x00000000000046a0       0x60 zephyr/soc/arm/nordic_nrf/nrf52/libsoc__arm__nordic_nrf__nrf52.a(soc.c.obj)
 .text.sys_arch_reboot
                0x0000000000004700       0x2c zephyr/soc/arm/nordic_nrf/nrf52/libsoc__arm__nordic_nrf__nrf52.a(soc.c.obj)
                0x0000000000004700                sys_arch_reboot
 .text.arch_busy_wait
                0x000000000000472c       0x14 zephyr/soc/arm/nordic_nrf/nrf52/libsoc__arm__nordic_nrf__nrf52.a(soc.c.obj)
                0x000000000000472c                arch_busy_wait
 .text.onoff_stop
                0x0000000000004740       0x30 zephyr/drivers/clock_control/libdrivers__clock_control.a(clock_control_nrf.c.obj)
 .text.onoff_start
                0x0000000000004770       0x44 zephyr/drivers/clock_control/libdrivers__clock_control.a(clock_control_nrf.c.obj)
 .text.clk_init
                0x00000000000047b4       0x58 zephyr/drivers/clock_control/libdrivers__clock_control.a(clock_control_nrf.c.obj)
 .text.clkstarted_handle.constprop.0
                0x000000000000480c       0x34 zephyr/drivers/clock_control/libdrivers__clock_control.a(clock_control_nrf.c.obj)
 .text.clock_event_handler
                0x0000000000004840       0x1c zephyr/drivers/clock_control/libdrivers__clock_control.a(clock_control_nrf.c.obj)
 .text.generic_hfclk_start
                0x000000000000485c       0x64 zephyr/drivers/clock_control/libdrivers__clock_control.a(clock_control_nrf.c.obj)
 .text.api_blocking_start
                0x00000000000048c0       0x34 zephyr/drivers/clock_control/libdrivers__clock_control.a(clock_control_nrf.c.obj)
 .text.generic_hfclk_stop
                0x00000000000048f4       0x34 zephyr/drivers/clock_control/libdrivers__clock_control.a(clock_control_nrf.c.obj)
 .text.z_nrf_clock_control_get_onoff
                0x0000000000004928       0x10 zephyr/drivers/clock_control/libdrivers__clock_control.a(clock_control_nrf.c.obj)
                0x0000000000004928                z_nrf_clock_control_get_onoff
 .text.z_nrf_clock_control_lf_on
                0x0000000000004938       0xfc zephyr/drivers/clock_control/libdrivers__clock_control.a(clock_control_nrf.c.obj)
                0x0000000000004938                z_nrf_clock_control_lf_on
 .text.uart_console_init
                0x0000000000004a34       0x28 zephyr/drivers/console/libdrivers__console.a(uart_console.c.obj)
 .text.console_out
                0x0000000000004a5c       0x28 zephyr/drivers/console/libdrivers__console.a(uart_console.c.obj)
 .text.gpio_nrfx_pin_interrupt_configure
                0x0000000000004a84       0xd4 zephyr/drivers/gpio/libdrivers__gpio.a(gpio_nrfx.c.obj)
 .text.gpio_nrfx_init
                0x0000000000004b58       0x38 zephyr/drivers/gpio/libdrivers__gpio.a(gpio_nrfx.c.obj)
 .text.nrfx_gpio_handler
                0x0000000000004b90       0x4c zephyr/drivers/gpio/libdrivers__gpio.a(gpio_nrfx.c.obj)
 .text.gpio_nrfx_pin_configure
                0x0000000000004bdc      0x128 zephyr/drivers/gpio/libdrivers__gpio.a(gpio_nrfx.c.obj)
 .text.i2c_nrfx_twi_recover_bus
                0x0000000000004d04       0x24 zephyr/drivers/i2c/libdrivers__i2c.a(i2c_nrfx_twi.c.obj)
 .text.twi_0_init
                0x0000000000004d28       0x94 zephyr/drivers/i2c/libdrivers__i2c.a(i2c_nrfx_twi.c.obj)
 .text.event_handler
                0x0000000000004dbc       0x34 zephyr/drivers/i2c/libdrivers__i2c.a(i2c_nrfx_twi.c.obj)
 .text.i2c_nrfx_twi_configure
                0x0000000000004df0       0x58 zephyr/drivers/i2c/libdrivers__i2c.a(i2c_nrfx_twi.c.obj)
 .text.i2c_nrfx_twi_transfer
                0x0000000000004e48      0x158 zephyr/drivers/i2c/libdrivers__i2c.a(i2c_nrfx_twi.c.obj)
 .text.pinctrl_configure_pins
                0x0000000000004fa0      0x174 zephyr/drivers/pinctrl/libdrivers__pinctrl.a(pinctrl_nrf.c.obj)
                0x0000000000004fa0                pinctrl_configure_pins
 .text.hfclk_on_callback
                0x0000000000005114        0xc zephyr/drivers/sensor/nrf5/libdrivers__sensor__nrf5.a(temp_nrf5.c.obj)
 .text.temp_nrf5_channel_get
                0x0000000000005120       0x2c zephyr/drivers/sensor/nrf5/libdrivers__sensor__nrf5.a(temp_nrf5.c.obj)
 .text.temp_nrf5_isr
                0x000000000000514c       0x18 zephyr/drivers/sensor/nrf5/libdrivers__sensor__nrf5.a(temp_nrf5.c.obj)
 .text.temp_nrf5_sample_fetch
                0x0000000000005164       0x78 zephyr/drivers/sensor/nrf5/libdrivers__sensor__nrf5.a(temp_nrf5.c.obj)
 .text.temp_nrf5_init
                0x00000000000051dc       0x40 zephyr/drivers/sensor/nrf5/libdrivers__sensor__nrf5.a(temp_nrf5.c.obj)
 .text.uarte_nrfx_configure
                0x000000000000521c      0x168 zephyr/drivers/serial/libdrivers__serial.a(uart_nrfx_uarte.c.obj)
 .text.uarte_0_init
                0x0000000000005384      0x118 zephyr/drivers/serial/libdrivers__serial.a(uart_nrfx_uarte.c.obj)
 .text.uarte_nrfx_poll_out
                0x000000000000549c       0xcc zephyr/drivers/serial/libdrivers__serial.a(uart_nrfx_uarte.c.obj)
 .text.compare_int_lock
                0x0000000000005568       0x48 zephyr/drivers/timer/libdrivers__timer.a(nrf_rtc_timer.c.obj)
 .text.sys_clock_timeout_handler
                0x00000000000055b0       0x48 zephyr/drivers/timer/libdrivers__timer.a(nrf_rtc_timer.c.obj)
 .text.compare_int_unlock
                0x00000000000055f8       0x5c zephyr/drivers/timer/libdrivers__timer.a(nrf_rtc_timer.c.obj)
 .text.z_nrf_rtc_timer_read
                0x0000000000005654       0x44 zephyr/drivers/timer/libdrivers__timer.a(nrf_rtc_timer.c.obj)
                0x0000000000005654                z_nrf_rtc_timer_read
 .text.compare_set
                0x0000000000005698      0x11c zephyr/drivers/timer/libdrivers__timer.a(nrf_rtc_timer.c.obj)
 .text.sys_clock_driver_init
                0x00000000000057b4       0x8c zephyr/drivers/timer/libdrivers__timer.a(nrf_rtc_timer.c.obj)
 .text.rtc_nrf_isr
                0x0000000000005840       0xd4 zephyr/drivers/timer/libdrivers__timer.a(nrf_rtc_timer.c.obj)
                0x0000000000005840                rtc_nrf_isr
 .text.sys_clock_set_timeout
                0x0000000000005914       0x64 zephyr/drivers/timer/libdrivers__timer.a(nrf_rtc_timer.c.obj)
                0x0000000000005914                sys_clock_set_timeout
 .text.sys_clock_elapsed
                0x0000000000005978       0x14 zephyr/drivers/timer/libdrivers__timer.a(nrf_rtc_timer.c.obj)
                0x0000000000005978                sys_clock_elapsed
 .text.sys_clock_disable
                0x000000000000598c       0x30 zephyr/drivers/timer/libdrivers__timer.a(nrf_rtc_timer.c.obj)
                0x000000000000598c                sys_clock_disable
 .text.ms8607pt_read_eeprom
                0x00000000000059bc      0x134 modules/ms8607/drivers/sensor/ms8607/lib..__ms8607__drivers__sensor__ms8607.a(ms8607pt.c.obj)
 .text.ms8607pt_init
                0x0000000000005af0       0xa0 modules/ms8607/drivers/sensor/ms8607/lib..__ms8607__drivers__sensor__ms8607.a(ms8607pt.c.obj)
 .text.ms8607pt_conversion_and_read_adc
                0x0000000000005b90       0xc8 modules/ms8607/drivers/sensor/ms8607/lib..__ms8607__drivers__sensor__ms8607.a(ms8607pt.c.obj)
 .text.ms8607pt_sample_fetch
                0x0000000000005c58       0xc8 modules/ms8607/drivers/sensor/ms8607/lib..__ms8607__drivers__sensor__ms8607.a(ms8607pt.c.obj)
 .text.ms8607h_channel_get
                0x0000000000005d20       0x60 modules/ms8607/drivers/sensor/ms8607/lib..__ms8607__drivers__sensor__ms8607.a(ms8607h.c.obj)
 .text.ms8607h_attr_set
                0x0000000000005d80       0xa8 modules/ms8607/drivers/sensor/ms8607/lib..__ms8607__drivers__sensor__ms8607.a(ms8607h.c.obj)
 .text.ms8607h_init
                0x0000000000005e28       0xb8 modules/ms8607/drivers/sensor/ms8607/lib..__ms8607__drivers__sensor__ms8607.a(ms8607h.c.obj)
 .text.ms8607h_sample_fetch
                0x0000000000005ee0      0x154 modules/ms8607/drivers/sensor/ms8607/lib..__ms8607__drivers__sensor__ms8607.a(ms8607h.c.obj)
 .text.ms8607_enable_heater
                0x0000000000006034       0x5c modules/ms8607/drivers/sensor/ms8607/lib..__ms8607__drivers__sensor__ms8607.a(ms8607h.c.obj)
                0x0000000000006034                ms8607_enable_heater
 .text.ms8607_disable_heater
                0x0000000000006090       0x5c modules/ms8607/drivers/sensor/ms8607/lib..__ms8607__drivers__sensor__ms8607.a(ms8607h.c.obj)
                0x0000000000006090                ms8607_disable_heater
 .text.ms8607_get_battery_status
                0x00000000000060ec       0x50 modules/ms8607/drivers/sensor/ms8607/lib..__ms8607__drivers__sensor__ms8607.a(ms8607h.c.obj)
                0x00000000000060ec                ms8607_get_battery_status
 .text.k_sys_fatal_error_handler
                0x000000000000613c       0x2c modules/nrf/lib/fatal_error/lib..__nrf__lib__fatal_error.a(fatal_error.c.obj)
                0x000000000000613c                k_sys_fatal_error_handler
 .text.nrf52_errata_98
                0x0000000000006168       0x24 modules/hal_nordic/nrfx/libmodules__hal_nordic__nrfx.a(system_nrf52840.c.obj)
 .text.nvmc_wait
                0x000000000000618c       0x10 modules/hal_nordic/nrfx/libmodules__hal_nordic__nrfx.a(system_nrf52840.c.obj)
                0x000000000000618c                nvmc_wait
 .text.SystemInit
                0x000000000000619c      0x1bc modules/hal_nordic/nrfx/libmodules__hal_nordic__nrfx.a(system_nrf52840.c.obj)
                0x000000000000619c                SystemInit
 .text.nrfx_flag32_alloc
                0x0000000000006358       0x40 modules/hal_nordic/nrfx/libmodules__hal_nordic__nrfx.a(nrfx_flag32_allocator.c.obj)
                0x0000000000006358                nrfx_flag32_alloc
 .text.nrfx_flag32_free
                0x0000000000006398       0x40 modules/hal_nordic/nrfx/libmodules__hal_nordic__nrfx.a(nrfx_flag32_allocator.c.obj)
                0x0000000000006398                nrfx_flag32_free
 .text.clock_stop
                0x00000000000063d8       0xc8 modules/hal_nordic/nrfx/libmodules__hal_nordic__nrfx.a(nrfx_clock.c.obj)
 .text.nrfx_clock_init
                0x00000000000064a0       0x20 modules/hal_nordic/nrfx/libmodules__hal_nordic__nrfx.a(nrfx_clock.c.obj)
                0x00000000000064a0                nrfx_clock_init
 .text.nrfx_power_clock_irq_handler
                0x00000000000064c0       0x68 modules/hal_nordic/nrfx/libmodules__hal_nordic__nrfx.a(nrfx_clock.c.obj)
                0x00000000000064c0                nrfx_power_clock_irq_handler
 .text.nrf_gpio_pin_port_decode
                0x0000000000006528       0x1c modules/hal_nordic/nrfx/libmodules__hal_nordic__nrfx.a(nrfx_gpiote.c.obj)
 .text.pin_in_use_by_te
                0x0000000000006544       0x14 modules/hal_nordic/nrfx/libmodules__hal_nordic__nrfx.a(nrfx_gpiote.c.obj)
 .text.call_handler
                0x0000000000006558       0x3c modules/hal_nordic/nrfx/libmodules__hal_nordic__nrfx.a(nrfx_gpiote.c.obj)
 .text.release_handler
                0x0000000000006594       0x54 modules/hal_nordic/nrfx/libmodules__hal_nordic__nrfx.a(nrfx_gpiote.c.obj)
 .text.pin_handler_trigger_uninit
                0x00000000000065e8       0x38 modules/hal_nordic/nrfx/libmodules__hal_nordic__nrfx.a(nrfx_gpiote.c.obj)
 .text.nrfx_gpiote_input_configure
                0x0000000000006620      0x15c modules/hal_nordic/nrfx/libmodules__hal_nordic__nrfx.a(nrfx_gpiote.c.obj)
                0x0000000000006620                nrfx_gpiote_input_configure
 .text.nrfx_gpiote_output_configure
                0x000000000000677c       0xe4 modules/hal_nordic/nrfx/libmodules__hal_nordic__nrfx.a(nrfx_gpiote.c.obj)
                0x000000000000677c                nrfx_gpiote_output_configure
 .text.nrfx_gpiote_global_callback_set
                0x0000000000006860        0xc modules/hal_nordic/nrfx/libmodules__hal_nordic__nrfx.a(nrfx_gpiote.c.obj)
                0x0000000000006860                nrfx_gpiote_global_callback_set
 .text.nrfx_gpiote_channel_get
                0x000000000000686c       0x2c modules/hal_nordic/nrfx/libmodules__hal_nordic__nrfx.a(nrfx_gpiote.c.obj)
                0x000000000000686c                nrfx_gpiote_channel_get
 .text.nrfx_gpiote_init
                0x0000000000006898       0x50 modules/hal_nordic/nrfx/libmodules__hal_nordic__nrfx.a(nrfx_gpiote.c.obj)
                0x0000000000006898                nrfx_gpiote_init
 .text.nrfx_gpiote_is_init
                0x00000000000068e8       0x14 modules/hal_nordic/nrfx/libmodules__hal_nordic__nrfx.a(nrfx_gpiote.c.obj)
                0x00000000000068e8                nrfx_gpiote_is_init
 .text.nrfx_gpiote_channel_free
                0x00000000000068fc        0xc modules/hal_nordic/nrfx/libmodules__hal_nordic__nrfx.a(nrfx_gpiote.c.obj)
                0x00000000000068fc                nrfx_gpiote_channel_free
 .text.nrfx_gpiote_channel_alloc
                0x0000000000006908        0xc modules/hal_nordic/nrfx/libmodules__hal_nordic__nrfx.a(nrfx_gpiote.c.obj)
                0x0000000000006908                nrfx_gpiote_channel_alloc
 .text.nrfx_gpiote_trigger_enable
                0x0000000000006914       0x90 modules/hal_nordic/nrfx/libmodules__hal_nordic__nrfx.a(nrfx_gpiote.c.obj)
                0x0000000000006914                nrfx_gpiote_trigger_enable
 .text.nrfx_gpiote_trigger_disable
                0x00000000000069a4       0x50 modules/hal_nordic/nrfx/libmodules__hal_nordic__nrfx.a(nrfx_gpiote.c.obj)
                0x00000000000069a4                nrfx_gpiote_trigger_disable
 .text.nrfx_gpiote_pin_uninit
                0x00000000000069f4       0x48 modules/hal_nordic/nrfx/libmodules__hal_nordic__nrfx.a(nrfx_gpiote.c.obj)
                0x00000000000069f4                nrfx_gpiote_pin_uninit
 .text.nrfx_gpiote_irq_handler
                0x0000000000006a3c      0x1bc modules/hal_nordic/nrfx/libmodules__hal_nordic__nrfx.a(nrfx_gpiote.c.obj)
                0x0000000000006a3c                nrfx_gpiote_irq_handler
 .text.nrfx_ppi_channel_alloc
                0x0000000000006bf8        0xc modules/hal_nordic/nrfx/libmodules__hal_nordic__nrfx.a(nrfx_ppi.c.obj)
                0x0000000000006bf8                nrfx_ppi_channel_alloc
 .text.twi_tx_start_transfer
                0x0000000000006c04      0x104 modules/hal_nordic/nrfx/libmodules__hal_nordic__nrfx.a(nrfx_twi.c.obj)
 .text.twi_rx_start_transfer
                0x0000000000006d08       0xe4 modules/hal_nordic/nrfx/libmodules__hal_nordic__nrfx.a(nrfx_twi.c.obj)
 .text.nrfx_twi_init
                0x0000000000006dec       0xc4 modules/hal_nordic/nrfx/libmodules__hal_nordic__nrfx.a(nrfx_twi.c.obj)
                0x0000000000006dec                nrfx_twi_init
 .text.nrfx_twi_enable
                0x0000000000006eb0       0x20 modules/hal_nordic/nrfx/libmodules__hal_nordic__nrfx.a(nrfx_twi.c.obj)
                0x0000000000006eb0                nrfx_twi_enable
 .text.nrfx_twi_disable
                0x0000000000006ed0       0x38 modules/hal_nordic/nrfx/libmodules__hal_nordic__nrfx.a(nrfx_twi.c.obj)
                0x0000000000006ed0                nrfx_twi_disable
 .text.nrfx_twi_xfer
                0x0000000000006f08       0xdc modules/hal_nordic/nrfx/libmodules__hal_nordic__nrfx.a(nrfx_twi.c.obj)
                0x0000000000006f08                nrfx_twi_xfer
 .text.nrfx_twi_0_irq_handler
                0x0000000000006fe4       0xd8 modules/hal_nordic/nrfx/libmodules__hal_nordic__nrfx.a(nrfx_twi.c.obj)
                0x0000000000006fe4                nrfx_twi_0_irq_handler
 .text.nrf_gpio_pin_port_decode
                0x00000000000070bc       0x1c modules/hal_nordic/nrfx/libmodules__hal_nordic__nrfx.a(nrfx_twi_twim.c.obj)
 .text.nrfx_twi_twim_bus_recover
                0x00000000000070d8       0xc8 modules/hal_nordic/nrfx/libmodules__hal_nordic__nrfx.a(nrfx_twi_twim.c.obj)
                0x00000000000070d8                nrfx_twi_twim_bus_recover
 .text._DoInit  0x00000000000071a0       0x60 modules/segger/libmodules__segger.a(SEGGER_RTT.c.obj)
 .text.SEGGER_RTT_WriteSkipNoLock
                0x0000000000007200       0x90 modules/segger/libmodules__segger.a(SEGGER_RTT.c.obj)
                0x0000000000007200                SEGGER_RTT_WriteSkipNoLock
 .text.SEGGER_RTT_HasDataUp
                0x0000000000007290       0x14 modules/segger/libmodules__segger.a(SEGGER_RTT.c.obj)
                0x0000000000007290                SEGGER_RTT_HasDataUp
 .text.zephyr_rtt_mutex_lock
                0x00000000000072a4       0x14 modules/segger/libmodules__segger.a(SEGGER_RTT_zephyr.c.obj)
                0x00000000000072a4                zephyr_rtt_mutex_lock
 .text.zephyr_rtt_mutex_unlock
                0x00000000000072b8        0xc modules/segger/libmodules__segger.a(SEGGER_RTT_zephyr.c.obj)
                0x00000000000072b8                zephyr_rtt_mutex_unlock
 .text.z_fatal_error
                0x00000000000072c4       0xfc zephyr/kernel/libkernel.a(fatal.c.obj)
                0x00000000000072c4                z_fatal_error
 .text.z_sys_init_run_level
                0x00000000000073c0       0x48 zephyr/kernel/libkernel.a(init.c.obj)
 .text.bg_thread_main
                0x0000000000007408       0x34 zephyr/kernel/libkernel.a(init.c.obj)
 .text.z_bss_zero
                0x000000000000743c       0x18 zephyr/kernel/libkernel.a(init.c.obj)
                0x000000000000743c                z_bss_zero
 .text.z_init_cpu
                0x0000000000007454       0x78 zephyr/kernel/libkernel.a(init.c.obj)
                0x0000000000007454                z_init_cpu
 .text.z_cstart
                0x00000000000074cc       0xe0 zephyr/kernel/libkernel.a(init.c.obj)
                0x00000000000074cc                z_cstart
 .text.init_mem_slab_module
                0x00000000000075ac       0x24 zephyr/kernel/libkernel.a(mem_slab.c.obj)
 .text.k_mem_slab_alloc
                0x00000000000075d0       0x5c zephyr/kernel/libkernel.a(mem_slab.c.obj)
                0x00000000000075d0                k_mem_slab_alloc
 .text.z_thread_monitor_exit
                0x000000000000762c       0x3c zephyr/kernel/libkernel.a(thread.c.obj)
                0x000000000000762c                z_thread_monitor_exit
 .text.z_impl_k_thread_name_set
                0x0000000000007668       0x20 zephyr/kernel/libkernel.a(thread.c.obj)
                0x0000000000007668                z_impl_k_thread_name_set
 .text.z_setup_new_thread
                0x0000000000007688       0xbc zephyr/kernel/libkernel.a(thread.c.obj)
                0x0000000000007688                z_setup_new_thread
 .text.z_impl_k_thread_create
                0x0000000000007744       0x58 zephyr/kernel/libkernel.a(thread.c.obj)
                0x0000000000007744                z_impl_k_thread_create
 .text.z_init_static_threads
                0x000000000000779c       0xb8 zephyr/kernel/libkernel.a(thread.c.obj)
                0x000000000000779c                z_init_static_threads
 .text.idle     0x0000000000007854       0x38 zephyr/kernel/libkernel.a(idle.c.obj)
                0x0000000000007854                idle
 .text.z_impl_k_mutex_lock
                0x000000000000788c       0xf4 zephyr/kernel/libkernel.a(mutex.c.obj)
                0x000000000000788c                z_impl_k_mutex_lock
 .text.z_impl_k_mutex_unlock
                0x0000000000007980       0x7c zephyr/kernel/libkernel.a(mutex.c.obj)
                0x0000000000007980                z_impl_k_mutex_unlock
 .text.z_impl_k_sem_give
                0x00000000000079fc       0x44 zephyr/kernel/libkernel.a(sem.c.obj)
                0x00000000000079fc                z_impl_k_sem_give
 .text.z_impl_k_sem_take
                0x0000000000007a40       0x50 zephyr/kernel/libkernel.a(sem.c.obj)
                0x0000000000007a40                z_impl_k_sem_take
 .text.sliceable
                0x0000000000007a90       0x3c zephyr/kernel/libkernel.a(sched.c.obj)
 .text.slice_timeout
                0x0000000000007acc       0x20 zephyr/kernel/libkernel.a(sched.c.obj)
 .text.z_reset_time_slice
                0x0000000000007aec       0x50 zephyr/kernel/libkernel.a(sched.c.obj)
                0x0000000000007aec                z_reset_time_slice
 .text.update_cache
                0x0000000000007b3c       0x3c zephyr/kernel/libkernel.a(sched.c.obj)
 .text.move_thread_to_end_of_prio_q
                0x0000000000007b78       0x74 zephyr/kernel/libkernel.a(sched.c.obj)
 .text.ready_thread
                0x0000000000007bec       0x68 zephyr/kernel/libkernel.a(sched.c.obj)
 .text.unready_thread
                0x0000000000007c54       0x30 zephyr/kernel/libkernel.a(sched.c.obj)
 .text.pend_locked
                0x0000000000007c84       0x30 zephyr/kernel/libkernel.a(sched.c.obj)
 .text.z_time_slice
                0x0000000000007cb4       0x60 zephyr/kernel/libkernel.a(sched.c.obj)
                0x0000000000007cb4                z_time_slice
 .text.z_pend_curr
                0x0000000000007d14       0x3c zephyr/kernel/libkernel.a(sched.c.obj)
                0x0000000000007d14                z_pend_curr
 .text.z_set_prio
                0x0000000000007d50       0x8c zephyr/kernel/libkernel.a(sched.c.obj)
                0x0000000000007d50                z_set_prio
 .text.z_reschedule
                0x0000000000007ddc       0x24 zephyr/kernel/libkernel.a(sched.c.obj)
                0x0000000000007ddc                z_reschedule
 .text.z_sched_start
                0x0000000000007e00       0x3c zephyr/kernel/libkernel.a(sched.c.obj)
                0x0000000000007e00                z_sched_start
 .text.z_impl_k_thread_suspend
                0x0000000000007e3c       0x64 zephyr/kernel/libkernel.a(sched.c.obj)
                0x0000000000007e3c                z_impl_k_thread_suspend
 .text.k_sched_lock
                0x0000000000007ea0       0x28 zephyr/kernel/libkernel.a(sched.c.obj)
                0x0000000000007ea0                k_sched_lock
 .text.k_sched_unlock
                0x0000000000007ec8       0x38 zephyr/kernel/libkernel.a(sched.c.obj)
                0x0000000000007ec8                k_sched_unlock
 .text.z_sched_init
                0x0000000000007f00       0x10 zephyr/kernel/libkernel.a(sched.c.obj)
                0x0000000000007f00                z_sched_init
 .text.z_impl_k_yield
                0x0000000000007f10       0x7c zephyr/kernel/libkernel.a(sched.c.obj)
                0x0000000000007f10                z_impl_k_yield
 .text.z_tick_sleep
                0x0000000000007f8c       0x88 zephyr/kernel/libkernel.a(sched.c.obj)
 .text.z_impl_k_sleep
                0x0000000000008014       0x34 zephyr/kernel/libkernel.a(sched.c.obj)
                0x0000000000008014                z_impl_k_sleep
 .text.z_impl_z_current_get
                0x0000000000008048        0xc zephyr/kernel/libkernel.a(sched.c.obj)
                0x0000000000008048                z_impl_z_current_get
 .text.z_thread_abort
                0x0000000000008054       0xc8 zephyr/kernel/libkernel.a(sched.c.obj)
                0x0000000000008054                z_thread_abort
 .text.z_data_copy
                0x000000000000811c       0x34 zephyr/kernel/libkernel.a(xip.c.obj)
                0x000000000000811c                z_data_copy
 .text.elapsed  0x0000000000008150       0x14 zephyr/kernel/libkernel.a(timeout.c.obj)
 .text.next_timeout
                0x0000000000008164       0x40 zephyr/kernel/libkernel.a(timeout.c.obj)
 .text.remove_timeout
                0x00000000000081a4       0x38 zephyr/kernel/libkernel.a(timeout.c.obj)
 .text.z_add_timeout
                0x00000000000081dc       0xec zephyr/kernel/libkernel.a(timeout.c.obj)
                0x00000000000081dc                z_add_timeout
 .text.sys_clock_announce
                0x00000000000082c8       0xd4 zephyr/kernel/libkernel.a(timeout.c.obj)
                0x00000000000082c8                sys_clock_announce
 .text.sys_clock_tick_get
                0x000000000000839c       0x34 zephyr/kernel/libkernel.a(timeout.c.obj)
                0x000000000000839c                sys_clock_tick_get
 .text.z_timer_expiration_handler
                0x00000000000083d0       0xe4 zephyr/kernel/libkernel.a(timer.c.obj)
                0x00000000000083d0                z_timer_expiration_handler
 .text.z_impl_k_timer_start
                0x00000000000084b4       0x60 zephyr/kernel/libkernel.a(timer.c.obj)
                0x00000000000084b4                z_impl_k_timer_start
 .text.boot_banner
                0x0000000000008514        0xc zephyr/kernel/libkernel.a(banner.c.obj)
                0x0000000000008514                boot_banner
 .text.nrf_cc3xx_platform_init_no_rng
                0x0000000000008520       0x38 /home/edi/zephyrsensor/nrfxlib/crypto/nrf_cc310_platform/lib/cortex-m4/soft-float/no-interrupts/libnrf_cc310_platform_0.9.17.a(nrf_cc3xx_platform.c.obj)
                0x0000000000008520                nrf_cc3xx_platform_init_no_rng
 .text.nrf_cc3xx_platform_abort
                0x0000000000008558       0x24 /home/edi/zephyrsensor/nrfxlib/crypto/nrf_cc310_platform/lib/cortex-m4/soft-float/no-interrupts/libnrf_cc310_platform_0.9.17.a(nrf_cc3xx_platform_abort.c.obj)
 .text.CC_PalAbort
                0x000000000000857c       0x34 /home/edi/zephyrsensor/nrfxlib/crypto/nrf_cc310_platform/lib/cortex-m4/soft-float/no-interrupts/libnrf_cc310_platform_0.9.17.a(nrf_cc3xx_platform_abort.c.obj)
                0x000000000000857c                CC_PalAbort
 .text.nrf_cc3xx_platform_set_abort
                0x00000000000085b0       0x10 /home/edi/zephyrsensor/nrfxlib/crypto/nrf_cc310_platform/lib/cortex-m4/soft-float/no-interrupts/libnrf_cc310_platform_0.9.17.a(nrf_cc3xx_platform_abort.c.obj)
                0x00000000000085b0                nrf_cc3xx_platform_set_abort
 .text.mutex_free
                0x00000000000085c0       0x34 /home/edi/zephyrsensor/nrfxlib/crypto/nrf_cc310_platform/lib/cortex-m4/soft-float/no-interrupts/libnrf_cc310_platform_0.9.17.a(nrf_cc3xx_platform_mutex.c.obj)
 .text.mutex_lock
                0x00000000000085f4       0x48 /home/edi/zephyrsensor/nrfxlib/crypto/nrf_cc310_platform/lib/cortex-m4/soft-float/no-interrupts/libnrf_cc310_platform_0.9.17.a(nrf_cc3xx_platform_mutex.c.obj)
 .text.mutex_unlock
                0x000000000000863c       0x38 /home/edi/zephyrsensor/nrfxlib/crypto/nrf_cc310_platform/lib/cortex-m4/soft-float/no-interrupts/libnrf_cc310_platform_0.9.17.a(nrf_cc3xx_platform_mutex.c.obj)
 .text.mutex_init
                0x0000000000008674       0x20 /home/edi/zephyrsensor/nrfxlib/crypto/nrf_cc310_platform/lib/cortex-m4/soft-float/no-interrupts/libnrf_cc310_platform_0.9.17.a(nrf_cc3xx_platform_mutex.c.obj)
 .text.nrf_cc3xx_platform_set_mutexes
                0x0000000000008694       0x74 /home/edi/zephyrsensor/nrfxlib/crypto/nrf_cc310_platform/lib/cortex-m4/soft-float/no-interrupts/libnrf_cc310_platform_0.9.17.a(nrf_cc3xx_platform_mutex.c.obj)
                0x0000000000008694                nrf_cc3xx_platform_set_mutexes
 .text.CC_LibInitNoRng
                0x0000000000008708       0x64 /home/edi/zephyrsensor/nrfxlib/crypto/nrf_cc310_platform/lib/cortex-m4/soft-float/no-interrupts/libnrf_cc310_platform_0.9.17.a(cc_lib.c.obj)
                0x0000000000008708                CC_LibInitNoRng
 .text.CC_HalInit
                0x000000000000876c        0x4 /home/edi/zephyrsensor/nrfxlib/crypto/nrf_cc310_platform/lib/cortex-m4/soft-float/no-interrupts/libnrf_cc310_platform_0.9.17.a(cc_hal.c.obj)
                0x000000000000876c                CC_HalInit
 .text.CC_HalTerminate
                0x0000000000008770        0x4 /home/edi/zephyrsensor/nrfxlib/crypto/nrf_cc310_platform/lib/cortex-m4/soft-float/no-interrupts/libnrf_cc310_platform_0.9.17.a(cc_hal.c.obj)
                0x0000000000008770                CC_HalTerminate
 .text.CC_HalMaskInterrupt
                0x0000000000008774        0xc /home/edi/zephyrsensor/nrfxlib/crypto/nrf_cc310_platform/lib/cortex-m4/soft-float/no-interrupts/libnrf_cc310_platform_0.9.17.a(cc_hal.c.obj)
                0x0000000000008774                CC_HalMaskInterrupt
 .text.CC_PalInit
                0x0000000000008780       0x5c /home/edi/zephyrsensor/nrfxlib/crypto/nrf_cc310_platform/lib/cortex-m4/soft-float/no-interrupts/libnrf_cc310_platform_0.9.17.a(cc_pal.c.obj)
                0x0000000000008780                CC_PalInit
 .text.CC_PalTerminate
                0x00000000000087dc       0x34 /home/edi/zephyrsensor/nrfxlib/crypto/nrf_cc310_platform/lib/cortex-m4/soft-float/no-interrupts/libnrf_cc310_platform_0.9.17.a(cc_pal.c.obj)
                0x00000000000087dc                CC_PalTerminate
 .text.CC_PalDmaInit
                0x0000000000008810        0x4 /home/edi/zephyrsensor/nrfxlib/crypto/nrf_cc310_platform/lib/cortex-m4/soft-float/no-interrupts/libnrf_cc310_platform_0.9.17.a(cc_pal_dma.c.obj)
                0x0000000000008810                CC_PalDmaInit
 .text.CC_PalDmaTerminate
                0x0000000000008814        0x4 /home/edi/zephyrsensor/nrfxlib/crypto/nrf_cc310_platform/lib/cortex-m4/soft-float/no-interrupts/libnrf_cc310_platform_0.9.17.a(cc_pal_dma.c.obj)
                0x0000000000008814                CC_PalDmaTerminate
 .text.CC_PalMutexCreate
                0x0000000000008818       0x14 /home/edi/zephyrsensor/nrfxlib/crypto/nrf_cc310_platform/lib/cortex-m4/soft-float/no-interrupts/libnrf_cc310_platform_0.9.17.a(cc_pal_mutex.c.obj)
                0x0000000000008818                CC_PalMutexCreate
 .text.CC_PalMutexDestroy
                0x000000000000882c       0x14 /home/edi/zephyrsensor/nrfxlib/crypto/nrf_cc310_platform/lib/cortex-m4/soft-float/no-interrupts/libnrf_cc310_platform_0.9.17.a(cc_pal_mutex.c.obj)
                0x000000000000882c                CC_PalMutexDestroy
 .text.CC_PalPowerSaveModeInit
                0x0000000000008840       0x3c /home/edi/zephyrsensor/nrfxlib/crypto/nrf_cc310_platform/lib/cortex-m4/soft-float/no-interrupts/libnrf_cc310_platform_0.9.17.a(cc_pal_pm.c.obj)
                0x0000000000008840                CC_PalPowerSaveModeInit
 .text.CC_PalPowerSaveModeSelect
                0x000000000000887c       0x84 /home/edi/zephyrsensor/nrfxlib/crypto/nrf_cc310_platform/lib/cortex-m4/soft-float/no-interrupts/libnrf_cc310_platform_0.9.17.a(cc_pal_pm.c.obj)
                0x000000000000887c                CC_PalPowerSaveModeSelect
 .text.sensor_channel_get.isra.0
                0x0000000000008900        0x6 app/libapp.a(main.c.obj)
 .text.cbpprintf_external
                0x0000000000008906       0x62 zephyr/libzephyr.a(cbprintf_packaged.c.obj)
                0x0000000000008906                cbpprintf_external
 .text.is_ptr   0x0000000000008968       0x4a zephyr/libzephyr.a(cbprintf_packaged.c.obj)
                0x0000000000008968                is_ptr
 .text.arch_printk_char_out
                0x00000000000089b2        0x4 zephyr/libzephyr.a(printk.c.obj)
                0x00000000000089b2                arch_printk_char_out
 .text.str_out  0x00000000000089b6       0x26 zephyr/libzephyr.a(printk.c.obj)
 .text.printk   0x00000000000089dc       0x1a zephyr/libzephyr.a(printk.c.obj)
                0x00000000000089dc                printk
 .text.snprintk
                0x00000000000089f6       0x1a zephyr/libzephyr.a(printk.c.obj)
                0x00000000000089f6                snprintk
 .text.z_thread_entry
                0x0000000000008a10       0x14 zephyr/libzephyr.a(thread_entry.c.obj)
                0x0000000000008a10                z_thread_entry
 .text.process_recheck
                0x0000000000008a24       0x38 zephyr/libzephyr.a(onoff.c.obj)
 .text.validate_args
                0x0000000000008a5c       0x20 zephyr/libzephyr.a(onoff.c.obj)
 .text.notify_one
                0x0000000000008a7c       0x2c zephyr/libzephyr.a(onoff.c.obj)
 .text.transition_complete
                0x0000000000008aa8       0x1c zephyr/libzephyr.a(onoff.c.obj)
 .text.onoff_manager_init
                0x0000000000008ac4       0x26 zephyr/libzephyr.a(onoff.c.obj)
                0x0000000000008ac4                onoff_manager_init
 .text.onoff_request
                0x0000000000008aea       0xb0 zephyr/libzephyr.a(onoff.c.obj)
                0x0000000000008aea                onoff_request
 .text.onoff_release
                0x0000000000008b9a       0x4a zephyr/libzephyr.a(onoff.c.obj)
                0x0000000000008b9a                onoff_release
 .text.sys_notify_validate
                0x0000000000008be4       0x22 zephyr/libzephyr.a(notify.c.obj)
                0x0000000000008be4                sys_notify_validate
 .text.sys_notify_finalize
                0x0000000000008c06       0x1a zephyr/libzephyr.a(notify.c.obj)
                0x0000000000008c06                sys_notify_finalize
 .text._ldiv5   0x0000000000008c20       0x30 zephyr/libzephyr.a(cbprintf_complete.c.obj)
 .text._get_digit
                0x0000000000008c50       0x2e zephyr/libzephyr.a(cbprintf_complete.c.obj)
 .text.encode_uint
                0x0000000000008c7e       0x8c zephyr/libzephyr.a(cbprintf_complete.c.obj)
 .text.outs     0x0000000000008d0a       0x2e zephyr/libzephyr.a(cbprintf_complete.c.obj)
 .text.free_space
                0x0000000000008d38       0x26 zephyr/libzephyr.a(mpsc_pbuf.c.obj)
 .text.get_usage
                0x0000000000008d5e       0x22 zephyr/libzephyr.a(mpsc_pbuf.c.obj)
 .text.idx_inc  0x0000000000008d80       0x1c zephyr/libzephyr.a(mpsc_pbuf.c.obj)
 .text.rd_idx_inc
                0x0000000000008d9c       0x18 zephyr/libzephyr.a(mpsc_pbuf.c.obj)
 .text.add_skip_item
                0x0000000000008db4       0x3a zephyr/libzephyr.a(mpsc_pbuf.c.obj)
 .text.drop_item_locked
                0x0000000000008dee       0xee zephyr/libzephyr.a(mpsc_pbuf.c.obj)
 .text.post_drop_action
                0x0000000000008edc       0x36 zephyr/libzephyr.a(mpsc_pbuf.c.obj)
 .text.max_utilization_update
                0x0000000000008f12       0x1a zephyr/libzephyr.a(mpsc_pbuf.c.obj)
 .text.mpsc_pbuf_init
                0x0000000000008f2c       0x42 zephyr/libzephyr.a(mpsc_pbuf.c.obj)
                0x0000000000008f2c                mpsc_pbuf_init
 .text.mpsc_pbuf_alloc
                0x0000000000008f6e       0xfc zephyr/libzephyr.a(mpsc_pbuf.c.obj)
                0x0000000000008f6e                mpsc_pbuf_alloc
 .text.mpsc_pbuf_commit
                0x000000000000906a       0x40 zephyr/libzephyr.a(mpsc_pbuf.c.obj)
                0x000000000000906a                mpsc_pbuf_commit
 .text.mpsc_pbuf_claim
                0x00000000000090aa       0xa4 zephyr/libzephyr.a(mpsc_pbuf.c.obj)
                0x00000000000090aa                mpsc_pbuf_claim
 .text.mpsc_pbuf_free
                0x000000000000914e       0x78 zephyr/libzephyr.a(mpsc_pbuf.c.obj)
                0x000000000000914e                mpsc_pbuf_free
 .text.mpsc_pbuf_is_pending
                0x00000000000091c6       0x1a zephyr/libzephyr.a(mpsc_pbuf.c.obj)
                0x00000000000091c6                mpsc_pbuf_is_pending
 .text._ConfigAbsSyms
                0x00000000000091e0        0x2 zephyr/libzephyr.a(configs.c.obj)
                0x00000000000091e0                _ConfigAbsSyms
 .text.log_msg_generic_get_wlen
                0x00000000000091e2       0x20 zephyr/libzephyr.a(log_core.c.obj)
 .text.dummy_timestamp
                0x0000000000009202        0x4 zephyr/libzephyr.a(log_core.c.obj)
 .text.default_get_timestamp
                0x0000000000009206        0x4 zephyr/libzephyr.a(log_core.c.obj)
 .text.atomic_inc
                0x000000000000920a       0x1a zephyr/libzephyr.a(log_core.c.obj)
 .text.z_log_vprintk
                0x0000000000009224       0x1c zephyr/libzephyr.a(log_core.c.obj)
                0x0000000000009224                z_log_vprintk
 .text.z_log_notify_drop
                0x0000000000009240        0x6 zephyr/libzephyr.a(log_core.c.obj)
 .text.z_log_get_tag
                0x0000000000009246        0x4 zephyr/libzephyr.a(log_core.c.obj)
                0x0000000000009246                z_log_get_tag
 .text.z_cbprintf_cpy
                0x000000000000924a       0x2c zephyr/libzephyr.a(log_msg.c.obj)
 .text.z_log_msg_finalize
                0x0000000000009276       0x32 zephyr/libzephyr.a(log_msg.c.obj)
                0x0000000000009276                z_log_msg_finalize
 .text.buffer_write
                0x00000000000092a8       0x1a zephyr/libzephyr.a(log_output.c.obj)
 .text.cbvprintf
                0x00000000000092c2        0xe zephyr/libzephyr.a(log_output.c.obj)
 .text.log_output_flush
                0x00000000000092d0       0x1a zephyr/libzephyr.a(log_output.c.obj)
                0x00000000000092d0                log_output_flush
 .text.out_func
                0x00000000000092ea       0x36 zephyr/libzephyr.a(log_output.c.obj)
 .text.cr_out_func
                0x0000000000009320       0x1c zephyr/libzephyr.a(log_output.c.obj)
 .text.log_backend_uart_init
                0x000000000000933c        0x2 zephyr/libzephyr.a(log_backend_uart.c.obj)
 .text.abort_function
                0x000000000000933e        0x8 zephyr/libzephyr.a(nrf_cc3xx_platform_abort_zephyr.c.obj)
 .text.z_do_kernel_oops
                0x0000000000009346        0x8 zephyr/arch/arch/arm/core/aarch32/libarch__arm__core__aarch32.a(fatal.c.obj)
                0x0000000000009346                z_do_kernel_oops
 .text.z_irq_spurious
                0x000000000000934e        0x8 zephyr/arch/arch/arm/core/aarch32/libarch__arm__core__aarch32.a(irq_manage.c.obj)
                0x000000000000934e                z_irq_spurious
 .text.z_arm_nmi
                0x0000000000009356        0xe zephyr/arch/arch/arm/core/aarch32/libarch__arm__core__aarch32.a(nmi.c.obj)
                0x0000000000009356                z_arm_nmi
 .text.z_log_msg_static_create.constprop.0
                0x0000000000009364        0x6 zephyr/arch/arch/arm/core/aarch32/cortex_m/libarch__arm__core__aarch32__cortex_m.a(fault.c.obj)
 .text.strcpy   0x000000000000936a       0x14 zephyr/lib/libc/minimal/liblib__libc__minimal.a(string.c.obj)
                0x000000000000936a                strcpy
 .text.strncpy  0x000000000000937e       0x28 zephyr/lib/libc/minimal/liblib__libc__minimal.a(string.c.obj)
                0x000000000000937e                strncpy
 .text.strlen   0x00000000000093a6        0xe zephyr/lib/libc/minimal/liblib__libc__minimal.a(string.c.obj)
                0x00000000000093a6                strlen
 .text.strnlen  0x00000000000093b4       0x12 zephyr/lib/libc/minimal/liblib__libc__minimal.a(string.c.obj)
                0x00000000000093b4                strnlen
 .text.memcpy   0x00000000000093c6       0x16 zephyr/lib/libc/minimal/liblib__libc__minimal.a(string.c.obj)
                0x00000000000093c6                memcpy
 .text.memset   0x00000000000093dc       0x12 zephyr/lib/libc/minimal/liblib__libc__minimal.a(string.c.obj)
                0x00000000000093dc                memset
 .text._stdout_hook_default
                0x00000000000093ee        0x6 zephyr/lib/libc/minimal/liblib__libc__minimal.a(stdout_console.c.obj)
 .text.fputc    0x00000000000093f4        0x4 zephyr/lib/libc/minimal/liblib__libc__minimal.a(stdout_console.c.obj)
                0x00000000000093f4                fputc
 .text.pm_state_set
                0x00000000000093f8       0x18 zephyr/soc/arm/nordic_nrf/nrf52/libsoc__arm__nordic_nrf__nrf52.a(power.c.obj)
                0x00000000000093f8                pm_state_set
 .text.pm_state_exit_post_ops
                0x0000000000009410        0xc zephyr/soc/arm/nordic_nrf/nrf52/libsoc__arm__nordic_nrf__nrf52.a(power.c.obj)
                0x0000000000009410                pm_state_exit_post_ops
 .text.get_status
                0x000000000000941c       0x12 zephyr/drivers/clock_control/libdrivers__clock_control.a(clock_control_nrf.c.obj)
 .text.set_on_state
                0x000000000000942e       0x26 zephyr/drivers/clock_control/libdrivers__clock_control.a(clock_control_nrf.c.obj)
 .text.stop     0x0000000000009454       0x52 zephyr/drivers/clock_control/libdrivers__clock_control.a(clock_control_nrf.c.obj)
 .text.api_stop
                0x00000000000094a6        0x6 zephyr/drivers/clock_control/libdrivers__clock_control.a(clock_control_nrf.c.obj)
 .text.async_start
                0x00000000000094ac       0x5c zephyr/drivers/clock_control/libdrivers__clock_control.a(clock_control_nrf.c.obj)
 .text.api_start
                0x0000000000009508        0xe zephyr/drivers/clock_control/libdrivers__clock_control.a(clock_control_nrf.c.obj)
 .text.onoff_started_callback
                0x0000000000009516       0x12 zephyr/drivers/clock_control/libdrivers__clock_control.a(clock_control_nrf.c.obj)
 .text.lfclk_start
                0x0000000000009528        0x6 zephyr/drivers/clock_control/libdrivers__clock_control.a(clock_control_nrf.c.obj)
 .text.lfclk_stop
                0x000000000000952e        0x6 zephyr/drivers/clock_control/libdrivers__clock_control.a(clock_control_nrf.c.obj)
 .text.blocking_start_callback
                0x0000000000009534        0x6 zephyr/drivers/clock_control/libdrivers__clock_control.a(clock_control_nrf.c.obj)
 .text.gpio_nrfx_port_get_raw
                0x000000000000953a        0xe zephyr/drivers/gpio/libdrivers__gpio.a(gpio_nrfx.c.obj)
 .text.gpio_nrfx_port_set_masked_raw
                0x0000000000009548       0x18 zephyr/drivers/gpio/libdrivers__gpio.a(gpio_nrfx.c.obj)
 .text.gpio_nrfx_port_set_bits_raw
                0x0000000000009560        0xc zephyr/drivers/gpio/libdrivers__gpio.a(gpio_nrfx.c.obj)
 .text.gpio_nrfx_port_clear_bits_raw
                0x000000000000956c        0xc zephyr/drivers/gpio/libdrivers__gpio.a(gpio_nrfx.c.obj)
 .text.gpio_nrfx_port_toggle_bits
                0x0000000000009578       0x1a zephyr/drivers/gpio/libdrivers__gpio.a(gpio_nrfx.c.obj)
 .text.gpio_nrfx_manage_callback
                0x0000000000009592       0x52 zephyr/drivers/gpio/libdrivers__gpio.a(gpio_nrfx.c.obj)
 .text.pinctrl_lookup_state
                0x00000000000095e4       0x26 zephyr/drivers/pinctrl/libdrivers__pinctrl.a(common.c.obj)
                0x00000000000095e4                pinctrl_lookup_state
 .text.uarte_nrfx_config_get
                0x000000000000960a       0x10 zephyr/drivers/serial/libdrivers__serial.a(uart_nrfx_uarte.c.obj)
 .text.uarte_nrfx_err_check
                0x000000000000961a        0xe zephyr/drivers/serial/libdrivers__serial.a(uart_nrfx_uarte.c.obj)
 .text.uarte_nrfx_poll_in
                0x0000000000009628       0x28 zephyr/drivers/serial/libdrivers__serial.a(uart_nrfx_uarte.c.obj)
 .text.is_tx_ready.isra.0
                0x0000000000009650       0x20 zephyr/drivers/serial/libdrivers__serial.a(uart_nrfx_uarte.c.obj)
 .text.uarte_nrfx_isr_int
                0x0000000000009670       0x72 zephyr/drivers/serial/libdrivers__serial.a(uart_nrfx_uarte.c.obj)
 .text.sys_clock_idle_exit
                0x00000000000096e2        0x2 zephyr/drivers/timer/libdrivers__timer.a(sys_clock_init.c.obj)
                0x00000000000096e2                sys_clock_idle_exit
 .text.event_clear
                0x00000000000096e4       0x18 zephyr/drivers/timer/libdrivers__timer.a(nrf_rtc_timer.c.obj)
 .text.sys_clock_cycle_get_32
                0x00000000000096fc        0x8 zephyr/drivers/timer/libdrivers__timer.a(nrf_rtc_timer.c.obj)
                0x00000000000096fc                sys_clock_cycle_get_32
 .text.ms8607pt_channel_get
                0x0000000000009704        0x6 modules/ms8607/drivers/sensor/ms8607/lib..__ms8607__drivers__sensor__ms8607.a(ms8607pt.c.obj)
 .text.ms8607pt_attr_set
                0x000000000000970a       0x18 modules/ms8607/drivers/sensor/ms8607/lib..__ms8607__drivers__sensor__ms8607.a(ms8607pt.c.obj)
 .text.z_log_msg_static_create.constprop.0
                0x0000000000009722        0x6 modules/ms8607/drivers/sensor/ms8607/lib..__ms8607__drivers__sensor__ms8607.a(ms8607pt.c.obj)
 .text.k_msleep.isra.0
                0x0000000000009728       0x20 modules/ms8607/drivers/sensor/ms8607/lib..__ms8607__drivers__sensor__ms8607.a(ms8607pt.c.obj)
 .text.write_command.isra.0
                0x0000000000009748       0x34 modules/ms8607/drivers/sensor/ms8607/lib..__ms8607__drivers__sensor__ms8607.a(ms8607pt.c.obj)
 .text.i2c_transfer
                0x000000000000977c        0xc modules/ms8607/drivers/sensor/ms8607/lib..__ms8607__drivers__sensor__ms8607.a(ms8607h.c.obj)
 .text.i2c_write_dt
                0x0000000000009788       0x1e modules/ms8607/drivers/sensor/ms8607/lib..__ms8607__drivers__sensor__ms8607.a(ms8607h.c.obj)
 .text.z_log_msg_static_create.constprop.0
                0x00000000000097a6        0x6 modules/ms8607/drivers/sensor/ms8607/lib..__ms8607__drivers__sensor__ms8607.a(ms8607h.c.obj)
 .text.read_register.constprop.0.isra.0
                0x00000000000097ac       0x34 modules/ms8607/drivers/sensor/ms8607/lib..__ms8607__drivers__sensor__ms8607.a(ms8607h.c.obj)
 .text.write_register
                0x00000000000097e0       0x44 modules/ms8607/drivers/sensor/ms8607/lib..__ms8607__drivers__sensor__ms8607.a(ms8607h.c.obj)
 .text.hw_cc3xx_init_internal
                0x0000000000009824        0x4 modules/nrf/drivers/hw_cc310/lib..__nrf__drivers__hw_cc310.a(hw_cc310.c.obj)
 .text.hw_cc3xx_init
                0x0000000000009828       0x12 modules/nrf/drivers/hw_cc310/lib..__nrf__drivers__hw_cc310.a(hw_cc310.c.obj)
 .text.nrfx_isr
                0x000000000000983a        0x2 modules/hal_nordic/nrfx/libmodules__hal_nordic__nrfx.a(nrfx_glue.c.obj)
                0x000000000000983a                nrfx_isr
 .text.nrfx_busy_wait
                0x000000000000983c        0x4 modules/hal_nordic/nrfx/libmodules__hal_nordic__nrfx.a(nrfx_glue.c.obj)
                0x000000000000983c                nrfx_busy_wait
 .text.nrfx_clock_enable
                0x0000000000009840       0x1a modules/hal_nordic/nrfx/libmodules__hal_nordic__nrfx.a(nrfx_clock.c.obj)
                0x0000000000009840                nrfx_clock_enable
 .text.nrfx_clock_start
                0x000000000000985a       0x78 modules/hal_nordic/nrfx/libmodules__hal_nordic__nrfx.a(nrfx_clock.c.obj)
                0x000000000000985a                nrfx_clock_start
 .text.nrfx_clock_stop
                0x00000000000098d2        0x4 modules/hal_nordic/nrfx/libmodules__hal_nordic__nrfx.a(nrfx_clock.c.obj)
                0x00000000000098d2                nrfx_clock_stop
 .text.nrf_gpio_reconfigure
                0x00000000000098d6       0x92 modules/hal_nordic/nrfx/libmodules__hal_nordic__nrfx.a(nrfx_gpiote.c.obj)
 .text.nrf_gpio_cfg_sense_set
                0x0000000000009968       0x1e modules/hal_nordic/nrfx/libmodules__hal_nordic__nrfx.a(nrfx_gpiote.c.obj)
 .text.twi_transfer
                0x0000000000009986      0x130 modules/hal_nordic/nrfx/libmodules__hal_nordic__nrfx.a(nrfx_twi.c.obj)
 .text.nrf_gpio_pin_set
                0x0000000000009ab6       0x1a modules/hal_nordic/nrfx/libmodules__hal_nordic__nrfx.a(nrfx_twi_twim.c.obj)
 .text.SEGGER_RTT_Init
                0x0000000000009ad0        0x4 modules/segger/libmodules__segger.a(SEGGER_RTT.c.obj)
                0x0000000000009ad0                SEGGER_RTT_Init
 .text.rtt_init
                0x0000000000009ad4        0xa modules/segger/libmodules__segger.a(SEGGER_RTT_zephyr.c.obj)
 .text.z_device_state_init
                0x0000000000009ade        0x2 zephyr/kernel/libkernel.a(device.c.obj)
                0x0000000000009ade                z_device_state_init
 .text.z_device_is_ready
                0x0000000000009ae0       0x16 zephyr/kernel/libkernel.a(device.c.obj)
                0x0000000000009ae0                z_device_is_ready
 .text.z_early_memset
                0x0000000000009af6        0x4 zephyr/kernel/libkernel.a(init.c.obj)
                0x0000000000009af6                z_early_memset
 .text.z_early_memcpy
                0x0000000000009afa        0x4 zephyr/kernel/libkernel.a(init.c.obj)
                0x0000000000009afa                z_early_memcpy
 .text.create_free_list
                0x0000000000009afe       0x2c zephyr/kernel/libkernel.a(mem_slab.c.obj)
 .text.k_mem_slab_init
                0x0000000000009b2a       0x1c zephyr/kernel/libkernel.a(mem_slab.c.obj)
                0x0000000000009b2a                k_mem_slab_init
 .text.k_mem_slab_free
                0x0000000000009b46       0x54 zephyr/kernel/libkernel.a(mem_slab.c.obj)
                0x0000000000009b46                k_mem_slab_free
 .text.k_is_in_isr
                0x0000000000009b9a        0xc zephyr/kernel/libkernel.a(thread.c.obj)
                0x0000000000009b9a                k_is_in_isr
 .text.k_thread_name_get
                0x0000000000009ba6        0x4 zephyr/kernel/libkernel.a(thread.c.obj)
                0x0000000000009ba6                k_thread_name_get
 .text.z_pm_save_idle_exit
                0x0000000000009baa        0xe zephyr/kernel/libkernel.a(idle.c.obj)
                0x0000000000009baa                z_pm_save_idle_exit
 .text.adjust_owner_prio.isra.0
                0x0000000000009bb8       0x10 zephyr/kernel/libkernel.a(mutex.c.obj)
 .text.z_impl_k_mutex_init
                0x0000000000009bc8        0xe zephyr/kernel/libkernel.a(mutex.c.obj)
                0x0000000000009bc8                z_impl_k_mutex_init
 .text.z_impl_k_sem_init
                0x0000000000009bd6       0x18 zephyr/kernel/libkernel.a(sem.c.obj)
                0x0000000000009bd6                z_impl_k_sem_init
 .text.sys_dlist_remove
                0x0000000000009bee       0x10 zephyr/kernel/libkernel.a(sched.c.obj)
 .text.unpend_thread_no_timeout
                0x0000000000009bfe       0x14 zephyr/kernel/libkernel.a(sched.c.obj)
 .text.add_to_waitq_locked
                0x0000000000009c12       0x50 zephyr/kernel/libkernel.a(sched.c.obj)
 .text.z_ready_thread
                0x0000000000009c62       0x20 zephyr/kernel/libkernel.a(sched.c.obj)
                0x0000000000009c62                z_ready_thread
 .text.z_unpend_thread_no_timeout
                0x0000000000009c82       0x24 zephyr/kernel/libkernel.a(sched.c.obj)
                0x0000000000009c82                z_unpend_thread_no_timeout
 .text.z_sched_wake_thread
                0x0000000000009ca6       0x44 zephyr/kernel/libkernel.a(sched.c.obj)
                0x0000000000009ca6                z_sched_wake_thread
 .text.z_thread_timeout
                0x0000000000009cea        0x8 zephyr/kernel/libkernel.a(sched.c.obj)
                0x0000000000009cea                z_thread_timeout
 .text.z_unpend1_no_timeout
                0x0000000000009cf2       0x2e zephyr/kernel/libkernel.a(sched.c.obj)
                0x0000000000009cf2                z_unpend1_no_timeout
 .text.z_unpend_first_thread
                0x0000000000009d20       0x38 zephyr/kernel/libkernel.a(sched.c.obj)
                0x0000000000009d20                z_unpend_first_thread
 .text.z_reschedule_irqlock
                0x0000000000009d58       0x18 zephyr/kernel/libkernel.a(sched.c.obj)
                0x0000000000009d58                z_reschedule_irqlock
 .text.z_reschedule_unlocked
                0x0000000000009d70       0x14 zephyr/kernel/libkernel.a(sched.c.obj)
 .text.z_abort_timeout
                0x0000000000009d84       0x2c zephyr/kernel/libkernel.a(timeout.c.obj)
                0x0000000000009d84                z_abort_timeout
 .text.z_get_next_timeout_expiry
                0x0000000000009db0       0x20 zephyr/kernel/libkernel.a(timeout.c.obj)
                0x0000000000009db0                z_get_next_timeout_expiry
 .text.sys_clock_tick_get_32
                0x0000000000009dd0        0x8 zephyr/kernel/libkernel.a(timeout.c.obj)
                0x0000000000009dd0                sys_clock_tick_get_32
 .text.z_impl_k_uptime_ticks
                0x0000000000009dd8        0x4 zephyr/kernel/libkernel.a(timeout.c.obj)
                0x0000000000009dd8                z_impl_k_uptime_ticks
 .text.z_impl_k_busy_wait
                0x0000000000009ddc        0x8 zephyr/kernel/libkernel.a(timeout.c.obj)
                0x0000000000009ddc                z_impl_k_busy_wait
 .text.k_timer_init
                0x0000000000009de4       0x18 zephyr/kernel/libkernel.a(timer.c.obj)
                0x0000000000009de4                k_timer_init
 .text.z_impl_k_timer_stop
                0x0000000000009dfc       0x3a zephyr/kernel/libkernel.a(timer.c.obj)
                0x0000000000009dfc                z_impl_k_timer_stop
 .text._OffsetAbsSyms
                0x0000000000009e36        0x2 zephyr/CMakeFiles/offsets.dir/./arch/arm/core/offsets/offsets.c.obj
                0x0000000000009e36                _OffsetAbsSyms
 *(SORT_BY_ALIGNMENT(.TEXT.*))
 *(SORT_BY_ALIGNMENT(.gnu.linkonce.t.*))
 *(SORT_BY_ALIGNMENT(.glue_7t))
 .glue_7t       0x0000000000009e38        0x0 linker stubs
 *(SORT_BY_ALIGNMENT(.glue_7))
 .glue_7        0x0000000000009e38        0x0 linker stubs
 *(SORT_BY_ALIGNMENT(.vfp11_veneer))
 .vfp11_veneer  0x0000000000009e38        0x0 linker stubs
 *(SORT_BY_ALIGNMENT(.v4_bx))
 .v4_bx         0x0000000000009e38        0x0 linker stubs
                0x0000000000009e38                . = ALIGN (0x4)
                0x0000000000009e38                __text_region_end = .

.ARM.exidx      0x0000000000009e38        0x8
                0x0000000000009e38                __exidx_start = .
 *(SORT_BY_ALIGNMENT(.ARM.exidx*) SORT_BY_ALIGNMENT(gnu.linkonce.armexidx.*))
 .ARM.exidx     0x0000000000009e38        0x8 /home/edi/ncs/toolchains/1f9b40e71a/opt/zephyr-sdk/arm-zephyr-eabi/bin/../lib/gcc/arm-zephyr-eabi/12.2.0/thumb/v7e-m/nofp/libgcc.a(_udivmoddi4.o)
                0x0000000000009e40                __exidx_end = .
                0x0000000000009e40                __rodata_region_start = .

initlevel       0x0000000000009e40       0x80
                0x0000000000009e40                __init_start = .
                0x0000000000009e40                __init_EARLY_start = .
 *(SORT_BY_NAME(SORT_BY_ALIGNMENT(.z_init_EARLY[0-9]_*)))
 *(SORT_BY_NAME(SORT_BY_ALIGNMENT(.z_init_EARLY[1-9][0-9]_*)))
                0x0000000000009e40                __init_PRE_KERNEL_1_start = .
 *(SORT_BY_NAME(SORT_BY_ALIGNMENT(.z_init_PRE_KERNEL_1[0-9]_*)))
 .z_init_PRE_KERNEL_10_
                0x0000000000009e40        0x8 zephyr/soc/arm/nordic_nrf/nrf52/libsoc__arm__nordic_nrf__nrf52.a(soc.c.obj)
 *(SORT_BY_NAME(SORT_BY_ALIGNMENT(.z_init_PRE_KERNEL_1[1-9][0-9]_*)))
 .z_init_PRE_KERNEL_130_
                0x0000000000009e48        0x8 zephyr/drivers/clock_control/libdrivers__clock_control.a(clock_control_nrf.c.obj)
 .z_init_PRE_KERNEL_130_
                0x0000000000009e50        0x8 modules/segger/libmodules__segger.a(SEGGER_RTT_zephyr.c.obj)
 .z_init_PRE_KERNEL_130_
                0x0000000000009e58        0x8 zephyr/kernel/libkernel.a(mem_slab.c.obj)
 .z_init_PRE_KERNEL_140_
                0x0000000000009e60       0x10 zephyr/drivers/gpio/libdrivers__gpio.a(gpio_nrfx.c.obj)
 .z_init_PRE_KERNEL_140_
                0x0000000000009e70        0x8 modules/nrf/drivers/hw_cc310/lib..__nrf__drivers__hw_cc310.a(hw_cc310.c.obj)
 .z_init_PRE_KERNEL_155_
                0x0000000000009e78        0x8 zephyr/drivers/serial/libdrivers__serial.a(uart_nrfx_uarte.c.obj)
 .z_init_PRE_KERNEL_160_
                0x0000000000009e80        0x8 zephyr/drivers/console/libdrivers__console.a(uart_console.c.obj)
                0x0000000000009e88                __init_PRE_KERNEL_2_start = .
 *(SORT_BY_NAME(SORT_BY_ALIGNMENT(.z_init_PRE_KERNEL_2[0-9]_*)))
 .z_init_PRE_KERNEL_20_
                0x0000000000009e88        0x8 zephyr/drivers/timer/libdrivers__timer.a(nrf_rtc_timer.c.obj)
 *(SORT_BY_NAME(SORT_BY_ALIGNMENT(.z_init_PRE_KERNEL_2[1-9][0-9]_*)))
                0x0000000000009e90                __init_POST_KERNEL_start = .
 *(SORT_BY_NAME(SORT_BY_ALIGNMENT(.z_init_POST_KERNEL[0-9]_*)))
 .z_init_POST_KERNEL0_
                0x0000000000009e90        0x8 zephyr/libzephyr.a(log_core.c.obj)
 *(SORT_BY_NAME(SORT_BY_ALIGNMENT(.z_init_POST_KERNEL[1-9][0-9]_*)))
 .z_init_POST_KERNEL40_
                0x0000000000009e98        0x8 modules/nrf/drivers/hw_cc310/lib..__nrf__drivers__hw_cc310.a(hw_cc310.c.obj)
 .z_init_POST_KERNEL50_
                0x0000000000009ea0        0x8 zephyr/drivers/i2c/libdrivers__i2c.a(i2c_nrfx_twi.c.obj)
 .z_init_POST_KERNEL90_
                0x0000000000009ea8        0x8 zephyr/drivers/sensor/nrf5/libdrivers__sensor__nrf5.a(temp_nrf5.c.obj)
 .z_init_POST_KERNEL90_
                0x0000000000009eb0        0x8 modules/ms8607/drivers/sensor/ms8607/lib..__ms8607__drivers__sensor__ms8607.a(ms8607pt.c.obj)
 .z_init_POST_KERNEL90_
                0x0000000000009eb8        0x8 modules/ms8607/drivers/sensor/ms8607/lib..__ms8607__drivers__sensor__ms8607.a(ms8607h.c.obj)
                0x0000000000009ec0                __init_APPLICATION_start = .
 *(SORT_BY_NAME(SORT_BY_ALIGNMENT(.z_init_APPLICATION[0-9]_*)))
 *(SORT_BY_NAME(SORT_BY_ALIGNMENT(.z_init_APPLICATION[1-9][0-9]_*)))
                0x0000000000009ec0                __init_SMP_start = .
 *(SORT_BY_NAME(SORT_BY_ALIGNMENT(.z_init_SMP[0-9]_*)))
 *(SORT_BY_NAME(SORT_BY_ALIGNMENT(.z_init_SMP[1-9][0-9]_*)))
                0x0000000000009ec0                __init_end = .

devices         0x0000000000009ec0       0xc0
                0x0000000000009ec0                __device_start = .
                0x0000000000009ec0                __device_EARLY_start = .
 *(SORT_BY_NAME(SORT_BY_ALIGNMENT(.z_device_EARLY[0-9]_*)))
 *(SORT_BY_NAME(SORT_BY_ALIGNMENT(.z_device_EARLY[1-9][0-9]_*)))
                0x0000000000009ec0                __device_PRE_KERNEL_1_start = .
 *(SORT_BY_NAME(SORT_BY_ALIGNMENT(.z_device_PRE_KERNEL_1[0-9]_*)))
 *(SORT_BY_NAME(SORT_BY_ALIGNMENT(.z_device_PRE_KERNEL_1[1-9][0-9]_*)))
 .z_device_PRE_KERNEL_130_
                0x0000000000009ec0       0x18 zephyr/drivers/clock_control/libdrivers__clock_control.a(clock_control_nrf.c.obj)
                0x0000000000009ec0                __device_dts_ord_78
 .z_device_PRE_KERNEL_140_
                0x0000000000009ed8       0x30 zephyr/drivers/gpio/libdrivers__gpio.a(gpio_nrfx.c.obj)
                0x0000000000009ed8                __device_dts_ord_107
                0x0000000000009ef0                __device_dts_ord_11
 .z_device_PRE_KERNEL_155_
                0x0000000000009f08       0x18 zephyr/drivers/serial/libdrivers__serial.a(uart_nrfx_uarte.c.obj)
                0x0000000000009f08                __device_dts_ord_115
                0x0000000000009f20                __device_PRE_KERNEL_2_start = .
 *(SORT_BY_NAME(SORT_BY_ALIGNMENT(.z_device_PRE_KERNEL_2[0-9]_*)))
 *(SORT_BY_NAME(SORT_BY_ALIGNMENT(.z_device_PRE_KERNEL_2[1-9][0-9]_*)))
                0x0000000000009f20                __device_POST_KERNEL_start = .
 *(SORT_BY_NAME(SORT_BY_ALIGNMENT(.z_device_POST_KERNEL[0-9]_*)))
 *(SORT_BY_NAME(SORT_BY_ALIGNMENT(.z_device_POST_KERNEL[1-9][0-9]_*)))
 .z_device_POST_KERNEL50_
                0x0000000000009f20       0x18 zephyr/drivers/i2c/libdrivers__i2c.a(i2c_nrfx_twi.c.obj)
                0x0000000000009f20                __device_dts_ord_129
 .z_device_POST_KERNEL90_
                0x0000000000009f38       0x18 zephyr/drivers/sensor/nrf5/libdrivers__sensor__nrf5.a(temp_nrf5.c.obj)
                0x0000000000009f38                __device_dts_ord_109
 .z_device_POST_KERNEL90_
                0x0000000000009f50       0x18 modules/ms8607/drivers/sensor/ms8607/lib..__ms8607__drivers__sensor__ms8607.a(ms8607pt.c.obj)
                0x0000000000009f50                __device_dts_ord_131
 .z_device_POST_KERNEL90_
                0x0000000000009f68       0x18 modules/ms8607/drivers/sensor/ms8607/lib..__ms8607__drivers__sensor__ms8607.a(ms8607h.c.obj)
                0x0000000000009f68                __device_dts_ord_130
                0x0000000000009f80                __device_APPLICATION_start = .
 *(SORT_BY_NAME(SORT_BY_ALIGNMENT(.z_device_APPLICATION[0-9]_*)))
 *(SORT_BY_NAME(SORT_BY_ALIGNMENT(.z_device_APPLICATION[1-9][0-9]_*)))
                0x0000000000009f80                __device_SMP_start = .
 *(SORT_BY_NAME(SORT_BY_ALIGNMENT(.z_device_SMP[0-9]_*)))
 *(SORT_BY_NAME(SORT_BY_ALIGNMENT(.z_device_SMP[1-9][0-9]_*)))
                0x0000000000009f80                __device_end = .

sw_isr_table    0x0000000000009f80      0x180
                0x0000000000009f80                . = ALIGN (0x4)
 *(SORT_BY_ALIGNMENT(.gnu.linkonce.sw_isr_table*))
 .gnu.linkonce.sw_isr_table
                0x0000000000009f80      0x180 zephyr/arch/common/libisr_tables.a(isr_tables.c.obj)
                0x0000000000009f80                _sw_isr_table

initlevel_error
                0x0000000000009e40        0x0
 *(SORT_BY_NAME(SORT_BY_ALIGNMENT(.z_init_[_A-Z0-9]*)))
                0x0000000000000001                ASSERT ((SIZEOF (initlevel_error) == 0x0), Undefined initialization levels used.)

app_shmem_regions
                0x000000000000a100        0x0
                0x000000000000a100                __app_shmem_regions_start = .
 *(SORT_BY_NAME(SORT_BY_ALIGNMENT(.app_regions.*)))
                0x000000000000a100                __app_shmem_regions_end = .

k_p4wq_initparam_area
                0x000000000000a100        0x0
                0x000000000000a100                _k_p4wq_initparam_list_start = .
 *(SORT_BY_NAME(SORT_BY_ALIGNMENT(._k_p4wq_initparam.static.*)))
                0x000000000000a100                _k_p4wq_initparam_list_end = .

_static_thread_data_area
                0x000000000000a100        0x0
                0x000000000000a100                __static_thread_data_list_start = .
 *(SORT_BY_NAME(SORT_BY_ALIGNMENT(.__static_thread_data.static.*)))
                0x000000000000a100                __static_thread_data_list_end = .

device_handles  0x000000000000a100       0x66
                0x000000000000a100                __device_handles_start = .
 *(SORT_BY_NAME(SORT_BY_ALIGNMENT(.__device_handles_pass1*)))
 .__device_handles_pass1
                0x000000000000a100        0xa zephyr/drivers/clock_control/libdrivers__clock_control.a(clock_control_nrf.c.obj)
                0x000000000000a100                __devicehdl_dts_ord_78
 .__device_handles_pass1
                0x000000000000a10a       0x22 zephyr/drivers/gpio/libdrivers__gpio.a(gpio_nrfx.c.obj)
                0x000000000000a10a                __devicehdl_dts_ord_107
                0x000000000000a114                __devicehdl_dts_ord_11
 .__device_handles_pass1
                0x000000000000a12c       0x12 zephyr/drivers/i2c/libdrivers__i2c.a(i2c_nrfx_twi.c.obj)
                0x000000000000a12c                __devicehdl_dts_ord_129
 .__device_handles_pass1
                0x000000000000a13e        0xa zephyr/drivers/sensor/nrf5/libdrivers__sensor__nrf5.a(temp_nrf5.c.obj)
                0x000000000000a13e                __devicehdl_dts_ord_109
 .__device_handles_pass1
                0x000000000000a148        0xe zephyr/drivers/serial/libdrivers__serial.a(uart_nrfx_uarte.c.obj)
                0x000000000000a148                __devicehdl_dts_ord_115
 .__device_handles_pass1
                0x000000000000a156        0x8 modules/ms8607/drivers/sensor/ms8607/lib..__ms8607__drivers__sensor__ms8607.a(ms8607pt.c.obj)
                0x000000000000a156                __devicehdl_dts_ord_131
 .__device_handles_pass1
                0x000000000000a15e        0x8 modules/ms8607/drivers/sensor/ms8607/lib..__ms8607__drivers__sensor__ms8607.a(ms8607h.c.obj)
                0x000000000000a15e                __devicehdl_dts_ord_130
                0x000000000000a166                __device_handles_end = .

ztest           0x000000000000a166        0x0
                0x000000000000a166                _ztest_expected_result_entry_list_start = .
 *(SORT_BY_NAME(SORT_BY_ALIGNMENT(._ztest_expected_result_entry.static.*)))
                0x000000000000a166                _ztest_expected_result_entry_list_end = .
                0x000000000000a166                _ztest_suite_node_list_start = .
 *(SORT_BY_NAME(SORT_BY_ALIGNMENT(._ztest_suite_node.static.*)))
                0x000000000000a166                _ztest_suite_node_list_end = .
                0x000000000000a166                _ztest_unit_test_list_start = .
 *(SORT_BY_NAME(SORT_BY_ALIGNMENT(._ztest_unit_test.static.*)))
                0x000000000000a166                _ztest_unit_test_list_end = .
                0x000000000000a166                _ztest_test_rule_list_start = .
 *(SORT_BY_NAME(SORT_BY_ALIGNMENT(._ztest_test_rule.static.*)))
                0x000000000000a166                _ztest_test_rule_list_end = .

bt_l2cap_fixed_chan_area
                0x000000000000a166        0x0
                0x000000000000a166                _bt_l2cap_fixed_chan_list_start = .
 *(SORT_BY_NAME(SORT_BY_ALIGNMENT(._bt_l2cap_fixed_chan.static.*)))
                0x000000000000a166                _bt_l2cap_fixed_chan_list_end = .

bt_gatt_service_static_area
                0x000000000000a166        0x0
                0x000000000000a166                _bt_gatt_service_static_list_start = .
 *(SORT_BY_NAME(SORT_BY_ALIGNMENT(._bt_gatt_service_static.static.*)))
                0x000000000000a166                _bt_gatt_service_static_list_end = .

log_strings_sections
                0x000000000000a166        0x0
                0x000000000000a166                __log_strings_start = .
 *(SORT_BY_NAME(SORT_BY_ALIGNMENT(.log_strings*)))
                0x000000000000a166                __log_strings_end = .

log_const_sections
                0x000000000000a168       0xa8
                0x000000000000a168                __log_const_start = .
 *(SORT_BY_NAME(SORT_BY_ALIGNMENT(.log_const_*)))
 .log_const_NRFX_CLOCK
                0x000000000000a168        0x8 modules/hal_nordic/nrfx/libmodules__hal_nordic__nrfx.a(nrfx_clock.c.obj)
                0x000000000000a168                log_const_NRFX_CLOCK
 .log_const_NRFX_GPIOTE
                0x000000000000a170        0x8 modules/hal_nordic/nrfx/libmodules__hal_nordic__nrfx.a(nrfx_gpiote.c.obj)
                0x000000000000a170                log_const_NRFX_GPIOTE
 .log_const_NRFX_PPI
                0x000000000000a178        0x8 modules/hal_nordic/nrfx/libmodules__hal_nordic__nrfx.a(nrfx_ppi.c.obj)
                0x000000000000a178                log_const_NRFX_PPI
 .log_const_NRFX_TWI
                0x000000000000a180        0x8 modules/hal_nordic/nrfx/libmodules__hal_nordic__nrfx.a(nrfx_twi.c.obj)
                0x000000000000a180                log_const_NRFX_TWI
 .log_const_cbprintf_package
                0x000000000000a188        0x8 zephyr/libzephyr.a(cbprintf_packaged.c.obj)
                0x000000000000a188                log_const_cbprintf_package
 .log_const_clock_control
                0x000000000000a190        0x8 zephyr/drivers/clock_control/libdrivers__clock_control.a(clock_control_nrf.c.obj)
                0x000000000000a190                log_const_clock_control
 .log_const_fatal_error
                0x000000000000a198        0x8 modules/nrf/lib/fatal_error/lib..__nrf__lib__fatal_error.a(fatal_error.c.obj)
                0x000000000000a198                log_const_fatal_error
 .log_const_i2c
                0x000000000000a1a0        0x8 zephyr/drivers/i2c/libdrivers__i2c.a(i2c_common.c.obj)
                0x000000000000a1a0                log_const_i2c
 .log_const_i2c_nrfx_twi
                0x000000000000a1a8        0x8 zephyr/drivers/i2c/libdrivers__i2c.a(i2c_nrfx_twi.c.obj)
                0x000000000000a1a8                log_const_i2c_nrfx_twi
 .log_const_log
                0x000000000000a1b0        0x8 zephyr/libzephyr.a(log_core.c.obj)
                0x000000000000a1b0                log_const_log
 .log_const_log_mgmt
                0x000000000000a1b8        0x8 zephyr/libzephyr.a(log_mgmt.c.obj)
                0x000000000000a1b8                log_const_log_mgmt
 .log_const_log_uart
                0x000000000000a1c0        0x8 zephyr/libzephyr.a(log_backend_uart.c.obj)
                0x000000000000a1c0                log_const_log_uart
 .log_const_main
                0x000000000000a1c8        0x8 app/libapp.a(main.c.obj)
                0x000000000000a1c8                log_const_main
 .log_const_mpu
                0x000000000000a1d0        0x8 zephyr/arch/arch/arm/core/aarch32/mpu/libarch__arm__core__aarch32__mpu.a(arm_core_mpu.c.obj)
                0x000000000000a1d0                log_const_mpu
 .log_const_ms8607h
                0x000000000000a1d8        0x8 modules/ms8607/drivers/sensor/ms8607/lib..__ms8607__drivers__sensor__ms8607.a(ms8607h.c.obj)
                0x000000000000a1d8                log_const_ms8607h
 .log_const_ms8607pt
                0x000000000000a1e0        0x8 modules/ms8607/drivers/sensor/ms8607/lib..__ms8607__drivers__sensor__ms8607.a(ms8607pt.c.obj)
                0x000000000000a1e0                log_const_ms8607pt
 .log_const_os  0x000000000000a1e8        0x8 zephyr/kernel/libkernel.a(init.c.obj)
                0x000000000000a1e8                log_const_os
 .log_const_pm  0x000000000000a1f0        0x8 zephyr/libzephyr.a(pm.c.obj)